Component: ARM Compiler 5.06 update 7 (build 960) Tool: armlink [4d3601]

==============================================================================

Section Cross References

    startup_stm32f103xb.o(RESET) refers to startup_stm32f103xb.o(STACK) for __initial_sp
    startup_stm32f103xb.o(RESET) refers to startup_stm32f103xb.o(.text) for Reset_Handler
    startup_stm32f103xb.o(RESET) refers to stm32f1xx_it.o(i.NMI_Handler) for NMI_Handler
    startup_stm32f103xb.o(RESET) refers to stm32f1xx_it.o(i.HardFault_Handler) for HardFault_Handler
    startup_stm32f103xb.o(RESET) refers to stm32f1xx_it.o(i.MemManage_Handler) for MemManage_Handler
    startup_stm32f103xb.o(RESET) refers to stm32f1xx_it.o(i.BusFault_Handler) for BusFault_Handler
    startup_stm32f103xb.o(RESET) refers to stm32f1xx_it.o(i.UsageFault_Handler) for UsageFault_Handler
    startup_stm32f103xb.o(RESET) refers to stm32f1xx_it.o(i.SVC_Handler) for SVC_Handler
    startup_stm32f103xb.o(RESET) refers to stm32f1xx_it.o(i.DebugMon_Handler) for DebugMon_Handler
    startup_stm32f103xb.o(RESET) refers to stm32f1xx_it.o(i.PendSV_Handler) for PendSV_Handler
    startup_stm32f103xb.o(RESET) refers to stm32f1xx_it.o(i.SysTick_Handler) for SysTick_Handler
    startup_stm32f103xb.o(RESET) refers to stm32f1xx_it.o(i.DMA1_Channel1_IRQHandler) for DMA1_Channel1_IRQHandler
    startup_stm32f103xb.o(.text) refers to system_stm32f1xx.o(i.SystemInit) for SystemInit
    startup_stm32f103xb.o(.text) refers to entry.o(.ARM.Collect$$$$00000000) for __main
    main.o(i.SystemClock_Config) refers to memseta.o(.text) for __aeabi_memclr4
    main.o(i.SystemClock_Config) refers to stm32f1xx_hal_rcc.o(i.HAL_RCC_OscConfig) for HAL_RCC_OscConfig
    main.o(i.SystemClock_Config) refers to main.o(i.Error_Handler) for Error_Handler
    main.o(i.SystemClock_Config) refers to stm32f1xx_hal_rcc.o(i.HAL_RCC_ClockConfig) for HAL_RCC_ClockConfig
    main.o(i.SystemClock_Config) refers to stm32f1xx_hal_rcc_ex.o(i.HAL_RCCEx_PeriphCLKConfig) for HAL_RCCEx_PeriphCLKConfig
    main.o(i.main) refers to stm32f1xx_hal.o(i.HAL_Init) for HAL_Init
    main.o(i.main) refers to main.o(i.SystemClock_Config) for SystemClock_Config
    main.o(i.main) refers to gpio.o(i.MX_GPIO_Init) for MX_GPIO_Init
    main.o(i.main) refers to dma.o(i.MX_DMA_Init) for MX_DMA_Init
    main.o(i.main) refers to usart.o(i.MX_USART2_UART_Init) for MX_USART2_UART_Init
    main.o(i.main) refers to i2c.o(i.MX_I2C1_Init) for MX_I2C1_Init
    main.o(i.main) refers to tim.o(i.MX_TIM1_Init) for MX_TIM1_Init
    main.o(i.main) refers to tim.o(i.MX_TIM2_Init) for MX_TIM2_Init
    main.o(i.main) refers to tim.o(i.MX_TIM3_Init) for MX_TIM3_Init
    main.o(i.main) refers to tim.o(i.MX_TIM4_Init) for MX_TIM4_Init
    main.o(i.main) refers to adc.o(i.MX_ADC1_Init) for MX_ADC1_Init
    main.o(i.main) refers to spi.o(i.MX_SPI1_Init) for MX_SPI1_Init
    main.o(i.main) refers to printfa.o(i.__0printf) for __2printf
    main.o(i.main) refers to app_si24r1.o(i.App_Si24R1_Receive) for App_Si24R1_Receive
    main.o(i.main) refers to app_si24r1.o(i.App_Si24R1_RC_Analysis) for App_Si24R1_RC_Analysis
    main.o(i.main) refers to stm32f1xx_hal.o(i.HAL_Delay) for HAL_Delay
    gpio.o(i.MX_GPIO_Init) refers to stm32f1xx_hal_gpio.o(i.HAL_GPIO_WritePin) for HAL_GPIO_WritePin
    gpio.o(i.MX_GPIO_Init) refers to stm32f1xx_hal_gpio.o(i.HAL_GPIO_Init) for HAL_GPIO_Init
    adc.o(i.HAL_ADC_MspDeInit) refers to stm32f1xx_hal_gpio.o(i.HAL_GPIO_DeInit) for HAL_GPIO_DeInit
    adc.o(i.HAL_ADC_MspDeInit) refers to stm32f1xx_hal_dma.o(i.HAL_DMA_DeInit) for HAL_DMA_DeInit
    adc.o(i.HAL_ADC_MspInit) refers to stm32f1xx_hal_gpio.o(i.HAL_GPIO_Init) for HAL_GPIO_Init
    adc.o(i.HAL_ADC_MspInit) refers to stm32f1xx_hal_dma.o(i.HAL_DMA_Init) for HAL_DMA_Init
    adc.o(i.HAL_ADC_MspInit) refers to main.o(i.Error_Handler) for Error_Handler
    adc.o(i.HAL_ADC_MspInit) refers to adc.o(.bss) for hdma_adc1
    adc.o(i.MX_ADC1_Init) refers to stm32f1xx_hal_adc.o(i.HAL_ADC_Init) for HAL_ADC_Init
    adc.o(i.MX_ADC1_Init) refers to main.o(i.Error_Handler) for Error_Handler
    adc.o(i.MX_ADC1_Init) refers to stm32f1xx_hal_adc.o(i.HAL_ADC_ConfigChannel) for HAL_ADC_ConfigChannel
    adc.o(i.MX_ADC1_Init) refers to adc.o(.bss) for hadc1
    dma.o(i.MX_DMA_Init) refers to stm32f1xx_hal_cortex.o(i.HAL_NVIC_SetPriority) for HAL_NVIC_SetPriority
    dma.o(i.MX_DMA_Init) refers to stm32f1xx_hal_cortex.o(i.HAL_NVIC_EnableIRQ) for HAL_NVIC_EnableIRQ
    i2c.o(i.HAL_I2C_MspDeInit) refers to stm32f1xx_hal_gpio.o(i.HAL_GPIO_DeInit) for HAL_GPIO_DeInit
    i2c.o(i.HAL_I2C_MspInit) refers to stm32f1xx_hal_gpio.o(i.HAL_GPIO_Init) for HAL_GPIO_Init
    i2c.o(i.MX_I2C1_Init) refers to stm32f1xx_hal_i2c.o(i.HAL_I2C_Init) for HAL_I2C_Init
    i2c.o(i.MX_I2C1_Init) refers to main.o(i.Error_Handler) for Error_Handler
    i2c.o(i.MX_I2C1_Init) refers to i2c.o(.bss) for hi2c1
    spi.o(i.HAL_SPI_MspDeInit) refers to stm32f1xx_hal_gpio.o(i.HAL_GPIO_DeInit) for HAL_GPIO_DeInit
[...]
    Removing queue.o(i.xQueueIsQueueFullFromISR), (22 bytes).
    Removing queue.o(i.xQueuePeek), (268 bytes).
    Removing queue.o(i.xQueuePeekFromISR), (74 bytes).
    Removing queue.o(i.xQueueReceive), (260 bytes).
    Removing queue.o(i.xQueueReceiveFromISR), (140 bytes).
    Removing queue.o(i.xQueueSemaphoreTake), (240 bytes).
    Removing stream_buffer.o(i.prvBytesInBuffer), (24 bytes).
    Removing stream_buffer.o(i.prvInitialiseNewStreamBuffer), (42 bytes).
    Removing stream_buffer.o(i.prvReadBytesFromBuffer), (76 bytes).
    Removing stream_buffer.o(i.prvReadMessageFromBuffer), (90 bytes).
    Removing stream_buffer.o(i.prvWriteBytesToBuffer), (76 bytes).
    Removing stream_buffer.o(i.prvWriteMessageToBuffer), (88 bytes).
    Removing stream_buffer.o(i.vStreamBufferDelete), (32 bytes).
    Removing stream_buffer.o(i.xStreamBufferBytesAvailable), (18 bytes).
    Removing stream_buffer.o(i.xStreamBufferGenericCreate), (82 bytes).
    Removing stream_buffer.o(i.xStreamBufferIsEmpty), (22 bytes).
    Removing stream_buffer.o(i.xStreamBufferIsFull), (40 bytes).
    Removing stream_buffer.o(i.xStreamBufferNextMessageLengthBytes), (52 bytes).
    Removing stream_buffer.o(i.xStreamBufferReceive), (176 bytes).
    Removing stream_buffer.o(i.xStreamBufferReceiveCompletedFromISR), (80 bytes).
    Removing stream_buffer.o(i.xStreamBufferReceiveFromISR), (132 bytes).
    Removing stream_buffer.o(i.xStreamBufferReset), (56 bytes).
    Removing stream_buffer.o(i.xStreamBufferSend), (226 bytes).
    Removing stream_buffer.o(i.xStreamBufferSendCompletedFromISR), (80 bytes).
    Removing stream_buffer.o(i.xStreamBufferSendFromISR), (134 bytes).
    Removing stream_buffer.o(i.xStreamBufferSetTriggerLevel), (26 bytes).
    Removing stream_buffer.o(i.xStreamBufferSpacesAvailable), (40 bytes).
    Removing tasks.o(i.pcTaskGetName), (24 bytes).
    Removing tasks.o(i.prvAddCurrentTaskToDelayedList), (192 bytes).
    Removing tasks.o(i.prvAddNewTaskToReadyList), (228 bytes).
    Removing tasks.o(i.prvCheckTasksWaitingTermination), (72 bytes).
    Removing tasks.o(i.prvDeleteTCB), (18 bytes).
    Removing tasks.o(i.prvIdleTask), (40 bytes).
    Removing tasks.o(i.prvInitialiseNewTask), (122 bytes).
    Removing tasks.o(i.prvInitialiseTaskLists), (104 bytes).
    Removing tasks.o(i.prvResetNextTaskUnblockTime), (48 bytes).
    Removing tasks.o(i.prvTaskIsTaskSuspended), (64 bytes).
    Removing tasks.o(i.ulTaskGenericNotifyTake), (136 bytes).
    Removing tasks.o(i.ulTaskGenericNotifyValueClear), (64 bytes).
    Removing tasks.o(i.uxTaskGetNumberOfTasks), (12 bytes).
    Removing tasks.o(i.uxTaskPriorityGet), (36 bytes).
    Removing tasks.o(i.uxTaskPriorityGetFromISR), (56 bytes).
    Removing tasks.o(i.uxTaskResetEventItemValue), (28 bytes).
    Removing tasks.o(i.vTaskDelay), (52 bytes).
    Removing tasks.o(i.vTaskDelete), (212 bytes).
    Removing tasks.o(i.vTaskEndScheduler), (36 bytes).
    Removing tasks.o(i.vTaskGenericNotifyGiveFromISR), (336 bytes).
    Removing tasks.o(i.vTaskInternalSetTimeOutState), (24 bytes).
    Removing tasks.o(i.vTaskMissedYield), (12 bytes).
    Removing tasks.o(i.vTaskPlaceOnEventList), (32 bytes).
    Removing tasks.o(i.vTaskPlaceOnUnorderedEventList), (80 bytes).
    Removing tasks.o(i.vTaskPrioritySet), (284 bytes).
    Removing tasks.o(i.vTaskRemoveFromUnorderedEventList), (208 bytes).
    Removing tasks.o(i.vTaskResume), (172 bytes).
    Removing tasks.o(i.vTaskSetTimeOutState), (36 bytes).
    Removing tasks.o(i.vTaskStartScheduler), (108 bytes).
    Removing tasks.o(i.vTaskSuspend), (216 bytes).
    Removing tasks.o(i.vTaskSuspendAll), (16 bytes).
    Removing tasks.o(i.vTaskSwitchContext), (96 bytes).
    Removing tasks.o(i.xTaskCatchUpTicks), (40 bytes).
    Removing tasks.o(i.xTaskCheckForTimeOut), (96 bytes).
    Removing tasks.o(i.xTaskCreate), (104 bytes).
    Removing tasks.o(i.xTaskDelayUntil), (116 bytes).
    Removing tasks.o(i.xTaskGenericNotify), (332 bytes).
    Removing tasks.o(i.xTaskGenericNotifyFromISR), (504 bytes).
    Removing tasks.o(i.xTaskGenericNotifyStateClear), (64 bytes).
    Removing tasks.o(i.xTaskGenericNotifyWait), (172 bytes).
    Removing tasks.o(i.xTaskGetCurrentTaskHandle), (12 bytes).
    Removing tasks.o(i.xTaskGetSchedulerState), (32 bytes).
    Removing tasks.o(i.xTaskGetTickCount), (12 bytes).
    Removing tasks.o(i.xTaskGetTickCountFromISR), (12 bytes).
    Removing tasks.o(i.xTaskIncrementTick), (400 bytes).
    Removing tasks.o(i.xTaskRemoveFromEventList), (264 bytes).
    Removing tasks.o(i.xTaskResumeAll), (348 bytes).
    Removing tasks.o(i.xTaskResumeFromISR), (216 bytes).
    Removing tasks.o(.bss), (740 bytes).
    Removing tasks.o(.data), (64 bytes).
    Removing app_mpu6050.o(.rev16_text), (4 bytes).
    Removing app_mpu6050.o(.revsh_text), (4 bytes).
    Removing app_mpu6050.o(.rrx_text), (6 bytes).
    Removing app_mpu6050.o(i.App_MPU6050_GetAngle), (520 bytes).
    Removing app_mpu6050.o(i.App_Mpu6050_Init), (8 bytes).
    Removing app_mpu6050.o(i.App_Mpu6050_Test), (28 bytes).
    Removing app_mpu6050.o(.data), (48 bytes).
    Removing int_mpu6050.o(.rev16_text), (4 bytes).
    Removing int_mpu6050.o(.revsh_text), (4 bytes).
    Removing int_mpu6050.o(.rrx_text), (6 bytes).
    Removing int_mpu6050.o(i.Int_MPU6050_GetAccl), (68 bytes).
    Removing int_mpu6050.o(i.Int_MPU6050_GetGyro), (68 bytes).
    Removing int_mpu6050.o(i.Int_MPU6050_GetID), (20 bytes).
    Removing int_mpu6050.o(i.Int_MPU6050_Init), (104 bytes).
    Removing int_mpu6050.o(i.Int_MPU6050_ReadByte), (36 bytes).
    Removing int_mpu6050.o(i.Int_MPU6050_Read_Len), (36 bytes).
    Removing int_mpu6050.o(i.Int_MPU6050_WriteByte), (40 bytes).
    Removing int_mpu6050.o(i.Int_MPU6050_Write_Len), (40 bytes).
    Removing int_mpu6050.o(i.Int_MPU_Set_Accel_Fsr), (16 bytes).
    Removing int_mpu6050.o(i.Int_MPU_Set_Gyro_Fsr), (16 bytes).
    Removing int_mpu6050.o(i.Int_MPU_Set_LPF), (58 bytes).
    Removing int_mpu6050.o(i.Int_MPU_Set_Rate), (60 bytes).
    Removing int_mpu6050.o(i.for_delay_ms), (28 bytes).
    Removing app_mpu6050_quaternion.o(.rev16_text), (4 bytes).
    Removing app_mpu6050_quaternion.o(.revsh_text), (4 bytes).
    Removing app_mpu6050_quaternion.o(.rrx_text), (6 bytes).
    Removing app_mpu6050_quaternion.o(i.App_Mpu6050_Quaternion_GetAngle), (40 bytes).
    Removing app_mpu6050_quaternion.o(i.App_Mpu6050_Quaternion_Init), (44 bytes).
    Removing app_mpu6050_quaternion.o(i.App_Mpu6050_Quaternion_OriginalData), (656 bytes).
    Removing app_mpu6050_quaternion.o(i.App_Mpu6050_Quaternion_SetMPUOffsets), (308 bytes).
    Removing app_mpu6050_quaternion.o(.bss), (36 bytes).
    Removing app_mpu6050_quaternion.o(.data), (6 bytes).
    Removing com_filter.o(i.Com_Filter_Kalman), (632 bytes).
    Removing com_filter.o(.bss), (16 bytes).
    Removing com_filter.o(.data), (84 bytes).
    Removing com_imu.o(.rev16_text), (4 bytes).
    Removing com_imu.o(.revsh_text), (4 bytes).
    Removing com_imu.o(.rrx_text), (6 bytes).
    Removing com_imu.o(i.GetAccz), (12 bytes).
    Removing com_imu.o(i.GetAngle), (1876 bytes).
    Removing com_imu.o(i.Q_rsqrt), (80 bytes).
    Removing com_imu.o(.bss), (12 bytes).
    Removing com_imu.o(.constdata), (12 bytes).
    Removing com_imu.o(.data), (28 bytes).
    Removing com_kalman.o(i.Com_Kalman_1), (88 bytes).
    Removing com_kalman.o(.data), (72 bytes).
    Removing app_pwm.o(.rev16_text), (4 bytes).
    Removing app_pwm.o(.revsh_text), (4 bytes).
    Removing app_pwm.o(.rrx_text), (6 bytes).
    Removing app_pwm.o(i.App_PWM_Init), (8 bytes).
    Removing app_pwm.o(i.App_PWM_SetPWM), (40 bytes).
    Removing int_pwm.o(.rev16_text), (4 bytes).
    Removing int_pwm.o(.revsh_text), (4 bytes).
    Removing int_pwm.o(.rrx_text), (6 bytes).
    Removing int_pwm.o(i.Int_PWM_Init), (52 bytes).
    Removing int_pwm.o(i.Int_PWM_SetPWM_Left0), (12 bytes).
    Removing int_pwm.o(i.Int_PWM_SetPWM_Left1), (12 bytes).
    Removing int_pwm.o(i.Int_PWM_SetPWM_Right0), (12 bytes).
    Removing int_pwm.o(i.Int_PWM_SetPWM_Right1), (12 bytes).
    Removing app_battery.o(.rev16_text), (4 bytes).
    Removing app_battery.o(.revsh_text), (4 bytes).
    Removing app_battery.o(.rrx_text), (6 bytes).
    Removing app_battery.o(i.App_Battery_Start), (24 bytes).
    Removing app_battery.o(i.App_Battery_VolCheck), (128 bytes).
    Removing app_battery.o(.bss), (10 bytes).
    Removing app_battery.o(.data), (4 bytes).
    Removing int_battery.o(.rev16_text), (4 bytes).
    Removing int_battery.o(.revsh_text), (4 bytes).
    Removing int_battery.o(.rrx_text), (6 bytes).
    Removing app_pilotled.o(.rev16_text), (4 bytes).
    Removing app_pilotled.o(.revsh_text), (4 bytes).
    Removing app_pilotled.o(.rrx_text), (6 bytes).
    Removing app_pilotled.o(i.App_PilotLED_Modify), (432 bytes).
    Removing app_pilotled.o(.data), (8 bytes).
    Removing int_pilotled.o(.rev16_text), (4 bytes).
    Removing int_pilotled.o(.revsh_text), (4 bytes).
    Removing int_pilotled.o(.rrx_text), (6 bytes).
    Removing int_pilotled.o(i.Int_LED_Off), (18 bytes).
    Removing int_pilotled.o(i.Int_LED_On), (18 bytes).
    Removing int_pilotled.o(i.Int_LED_Toggle), (16 bytes).
    Removing app_si24r1.o(.rev16_text), (4 bytes).
    Removing app_si24r1.o(.revsh_text), (4 bytes).
    Removing app_si24r1.o(.rrx_text), (6 bytes).
    Removing int_si24r1.o(.rev16_text), (4 bytes).
    Removing int_si24r1.o(.revsh_text), (4 bytes).
    Removing int_si24r1.o(.rrx_text), (6 bytes).
    Removing int_si24r1.o(i.Int_NRF24L01_TX_Mode), (108 bytes).
    Removing int_si24r1.o(i.Int_NRF24L01_TxPacket), (74 bytes).
    Removing fadd.o(.text), (176 bytes).
    Removing fmul.o(.text), (100 bytes).
    Removing fdiv.o(.text), (124 bytes).
    Removing fflti.o(.text), (18 bytes).
    Removing ffltui.o(.text), (10 bytes).
    Removing dflti.o(.text), (34 bytes).
    Removing ffixui.o(.text), (40 bytes).
    Removing dfixi.o(.text), (62 bytes).
    Removing f2d.o(.text), (38 bytes).
    Removing d2f.o(.text), (56 bytes).
    Removing cfcmple.o(.text), (20 bytes).
    Removing cfrcmple.o(.text), (20 bytes).
    Removing fepilogue.o(.text), (110 bytes).
    Removing dscalb.o(.text), (46 bytes).
    Removing cdcmple.o(.text), (48 bytes).
    Removing fscalb.o(.text), (24 bytes).
    Removing dsqrt.o(.text), (162 bytes).

820 unused section(s) (total 97896 bytes) removed from the image.

==============================================================================

Image Symbol Table

    Local Symbols

    Symbol Name                              Value     Ov Type        Size  Object(Section)

    ../Core/Src/adc.c                        0x00000000   Number         0  adc.o ABSOLUTE
    ../Core/Src/dma.c                        0x00000000   Number         0  dma.o ABSOLUTE
    ../Core/Src/gpio.c                       0x00000000   Number         0  gpio.o ABSOLUTE
    ../Core/Src/i2c.c                        0x00000000   Number         0  i2c.o ABSOLUTE
    ../Core/Src/main.c                       0x00000000   Number         0  main.o ABSOLUTE
    ../Core/Src/spi.c                        0x00000000   Number         0  spi.o ABSOLUTE
    ../Core/Src/stm32f1xx_hal_msp.c          0x00000000   Number         0  stm32f1xx_hal_msp.o ABSOLUTE
    ../Core/Src/stm32f1xx_it.c               0x00000000   Number         0  stm32f1xx_it.o ABSOLUTE
    ../Core/Src/system_stm32f1xx.c           0x00000000   Number         0  system_stm32f1xx.o ABSOLUTE
    ../Core/Src/tim.c                        0x00000000   Number         0  tim.o ABSOLUTE
    ../Core/Src/usart.c                      0x00000000   Number         0  usart.o ABSOLUTE
    ../Drivers/STM32F1xx_HAL_Driver/Src/stm32f1xx_hal.c 0x00000000   Number         0  stm32f1xx_hal.o ABSOLUTE
    ../Drivers/STM32F1xx_HAL_Driver/Src/stm32f1xx_hal_adc.c 0x00000000   Number         0  stm32f1xx_hal_adc.o ABSOLUTE
    ../Drivers/STM32F1xx_HAL_Driver/Src/stm32f1xx_hal_adc_ex.c 0x00000000   Number         0  stm32f1xx_hal_adc_ex.o ABSOLUTE
    ../Drivers/STM32F1xx_HAL_Driver/Src/stm32f1xx_hal_cortex.c 0x00000000   Number         0  stm32f1xx_hal_cortex.o ABSOLUTE
    ../Drivers/STM32F1xx_HAL_Driver/Src/stm32f1xx_hal_dma.c 0x00000000   Number         0  stm32f1xx_hal_dma.o ABSOLUTE
    ../Drivers/STM32F1xx_HAL_Driver/Src/stm32f1xx_hal_exti.c 0x00000000   Number         0  stm32f1xx_hal_exti.o ABSOLUTE
    ../Drivers/STM32F1xx_HAL_Driver/Src/stm32f1xx_hal_flash.c 0x00000000   Number         0  stm32f1xx_hal_flash.o ABSOLUTE
    ../Drivers/STM32F1xx_HAL_Driver/Src/stm32f1xx_hal_flash_ex.c 0x00000000   Number         0  stm32f1xx_hal_flash_ex.o ABSOLUTE
    ../Drivers/STM32F1xx_HAL_Driver/Src/stm32f1xx_hal_gpio.c 0x00000000   Number         0  stm32f1xx_hal_gpio.o ABSOLUTE
    ../Drivers/STM32F1xx_HAL_Driver/Src/stm32f1xx_hal_gpio_ex.c 0x00000000   Number         0  stm32f1xx_hal_gpio_ex.o ABSOLUTE
    ../Drivers/STM32F1xx_HAL_Driver/Src/stm32f1xx_hal_i2c.c 0x00000000   Number         0  stm32f1xx_hal_i2c.o ABSOLUTE
    ../Drivers/STM32F1xx_HAL_Driver/Src/stm32f1xx_hal_pwr.c 0x00000000   Number         0  stm32f1xx_hal_pwr.o ABSOLUTE
    ../Drivers/STM32F1xx_HAL_Driver/Src/stm32f1xx_hal_rcc.c 0x00000000   Number         0  stm32f1xx_hal_rcc.o ABSOLUTE
    ../Drivers/STM32F1xx_HAL_Driver/Src/stm32f1xx_hal_rcc_ex.c 0x00000000   Number         0  stm32f1xx_hal_rcc_ex.o ABSOLUTE
    ../Drivers/STM32F1xx_HAL_Driver/Src/stm32f1xx_hal_spi.c 0x00000000   Number         0  stm32f1xx_hal_spi.o ABSOLUTE
    ../Drivers/STM32F1xx_HAL_Driver/Src/stm32f1xx_hal_tim.c 0x00000000   Number         0  stm32f1xx_hal_tim.o ABSOLUTE
    ../Drivers/STM32F1xx_HAL_Driver/Src/stm32f1xx_hal_tim_ex.c 0x00000000   Number         0  stm32f1xx_hal_tim_ex.o ABSOLUTE
    ../Drivers/STM32F1xx_HAL_Driver/Src/stm32f1xx_hal_uart.c 0x00000000   Number         0  stm32f1xx_hal_uart.o ABSOLUTE
    ../clib/microlib/division.c              0x00000000   Number         0  uldiv.o ABSOLUTE
    ../clib/microlib/division.c              0x00000000   Number         0  uidiv.o ABSOLUTE
    ../clib/microlib/errno.c                 0x00000000   Number         0  errno.o ABSOLUTE
    ../clib/microlib/init/entry.s            0x00000000   Number         0  entry12a.o ABSOLUTE
    ../clib/microlib/init/entry.s            0x00000000   Number         0  entry9b.o ABSOLUTE
    ../clib/microlib/init/entry.s            0x00000000   Number         0  entry9a.o ABSOLUTE
    ../clib/microlib/init/entry.s            0x00000000   Number         0  entry8b.o ABSOLUTE
    ../clib/microlib/init/entry.s            0x00000000   Number         0  entry11b.o ABSOLUTE
    ../clib/microlib/init/entry.s            0x00000000   Number         0  entry2.o ABSOLUTE
    ../clib/microlib/init/entry.s            0x00000000   Number         0  entry.o ABSOLUTE
    ../clib/microlib/init/entry.s            0x00000000   Number         0  entry5.o ABSOLUTE
    ../clib/microlib/init/entry.s            0x00000000   Number         0  entry7a.o ABSOLUTE
    ../clib/microlib/init/entry.s            0x00000000   Number         0  entry7b.o ABSOLUTE
    ../clib/microlib/init/entry.s            0x00000000   Number         0  entry8a.o ABSOLUTE
    ../clib/microlib/init/entry.s            0x00000000   Number         0  entry12b.o ABSOLUTE
    ../clib/microlib/init/entry.s            0x00000000   Number         0  entry11a.o ABSOLUTE
    ../clib/microlib/init/entry.s            0x00000000   Number         0  entry10b.o ABSOLUTE
    ../clib/microlib/init/entry.s            0x00000000   Number         0  entry10a.o ABSOLUTE
    ../clib/microlib/longlong.c              0x00000000   Number         0  llushr.o ABSOLUTE
    ../clib/microlib/longlong.c              0x00000000   Number         0  llsshr.o ABSOLUTE
    ../clib/microlib/longlong.c              0x00000000   Number         0  llshl.o ABSOLUTE
    ../clib/microlib/printf/printf.c         0x00000000   Number         0  printf1.o ABSOLUTE
    ../clib/microlib/printf/printf.c         0x00000000   Number         0  printf0.o ABSOLUTE
    ../clib/microlib/printf/printf.c         0x00000000   Number         0  printfb.o ABSOLUTE
    ../clib/microlib/printf/printf.c         0x00000000   Number         0  printf5.o ABSOLUTE
    ../clib/microlib/printf/printf.c         0x00000000   Number         0  printf6.o ABSOLUTE
    ../clib/microlib/printf/printf.c         0x00000000   Number         0  printf7.o ABSOLUTE
    ../clib/microlib/printf/printf.c         0x00000000   Number         0  printf8.o ABSOLUTE
    ../clib/microlib/printf/printf.c         0x00000000   Number         0  printfa.o ABSOLUTE
    ../clib/microlib/printf/printf.c         0x00000000   Number         0  printf2.o ABSOLUTE
    ../clib/microlib/printf/printf.c         0x00000000   Number         0  printf3.o ABSOLUTE
    ../clib/microlib/printf/printf.c         0x00000000   Number         0  printf4.o ABSOLUTE
    ../clib/microlib/printf/stubs.s          0x00000000   Number         0  stubs.o ABSOLUTE
    ../clib/microlib/stdio/streams.c         0x00000000   Number         0  stdout.o ABSOLUTE
    ../clib/microlib/string/memcpy.c         0x00000000   Number         0  memcpyb.o ABSOLUTE
    ../clib/microlib/string/memcpy.c         0x00000000   Number         0  memcpya.o ABSOLUTE
    ../clib/microlib/string/memset.c         0x00000000   Number         0  memseta.o ABSOLUTE
    ../clib/microlib/stubs.s                 0x00000000   Number         0  iusefp.o ABSOLUTE
    ../fplib/microlib/d2f.c                  0x00000000   Number         0  d2f.o ABSOLUTE
    ../fplib/microlib/f2d.c                  0x00000000   Number         0  f2d.o ABSOLUTE
    ../fplib/microlib/fpadd.c                0x00000000   Number         0  fadd.o ABSOLUTE
    ../fplib/microlib/fpadd.c                0x00000000   Number         0  dadd.o ABSOLUTE
    ../fplib/microlib/fpdiv.c                0x00000000   Number         0  fdiv.o ABSOLUTE
    ../fplib/microlib/fpdiv.c                0x00000000   Number         0  ddiv.o ABSOLUTE
    ../fplib/microlib/fpepilogue.c           0x00000000   Number         0  depilogue.o ABSOLUTE
    ../fplib/microlib/fpepilogue.c           0x00000000   Number         0  fepilogue.o ABSOLUTE
    ../fplib/microlib/fpfix.c                0x00000000   Number         0  dfixi.o ABSOLUTE
    ../fplib/microlib/fpfix.c                0x00000000   Number         0  dfixul.o ABSOLUTE
    ../fplib/microlib/fpfix.c                0x00000000   Number         0  ffixui.o ABSOLUTE
    ../fplib/microlib/fpflt.c                0x00000000   Number         0  fflti.o ABSOLUTE
    ../fplib/microlib/fpflt.c                0x00000000   Number         0  ffltui.o ABSOLUTE
    ../fplib/microlib/fpflt.c                0x00000000   Number         0  dflti.o ABSOLUTE
    ../fplib/microlib/fpmul.c                0x00000000   Number         0  fmul.o ABSOLUTE
    ../fplib/microlib/fpmul.c                0x00000000   Number         0  dmul.o ABSOLUTE
    ../fplib/microlib/fpscalb.c              0x00000000   Number         0  dscalb.o ABSOLUTE
    ../fplib/microlib/fpscalb.c              0x00000000   Number         0  fscalb.o ABSOLUTE
    ../fplib/microlib/fpsqrt.c               0x00000000   Number         0  dsqrt.o ABSOLUTE
    ../mathlib/asin.c                        0x00000000   Number         0  asin_x.o ABSOLUTE
    ../mathlib/asin.c                        0x00000000   Number         0  asin.o ABSOLUTE
    ../mathlib/atan.c                        0x00000000   Number         0  atan_x.o ABSOLUTE
    ../mathlib/atan.c                        0x00000000   Number         0  atan.o ABSOLUTE
    ../mathlib/atan2.c                       0x00000000   Number         0  atan2.o ABSOLUTE
    ../mathlib/atan2.c                       0x00000000   Number         0  atan2_x.o ABSOLUTE
    ../mathlib/atan2f.c                      0x00000000   Number         0  atan2f.o ABSOLUTE
    ../mathlib/atan2f.c                      0x00000000   Number         0  atan2f_x.o ABSOLUTE
    ../mathlib/dunder.c                      0x00000000   Number         0  dunder.o ABSOLUTE
    ../mathlib/fpclassify.c                  0x00000000   Number         0  fpclassify.o ABSOLUTE
    ../mathlib/fpclassifyf.c                 0x00000000   Number         0  fpclassifyf.o ABSOLUTE
    ../mathlib/funder.c                      0x00000000   Number         0  funder.o ABSOLUTE
    ../mathlib/poly.c                        0x00000000   Number         0  poly.o ABSOLUTE
    ../mathlib/qnan.c                        0x00000000   Number         0  qnan.o ABSOLUTE
    ../mathlib/sqrt.c                        0x00000000   Number         0  sqrt_x.o ABSOLUTE
    ../mathlib/sqrt.c                        0x00000000   Number         0  sqrt.o ABSOLUTE
    ..\Angle-MPU_6050\App\App_Mpu6050.c      0x00000000   Number         0  app_mpu6050.o ABSOLUTE
    ..\Angle-MPU_6050\App\App_Mpu6050_Quaternion.c 0x00000000   Number         0  app_mpu6050_quaternion.o ABSOLUTE
    ..\Angle-MPU_6050\Int\Int_Mpu6050.c      0x00000000   Number         0  int_mpu6050.o ABSOLUTE
    ..\Battery_Power\App\App_Battery.c       0x00000000   Number         0  app_battery.o ABSOLUTE
    ..\Battery_Power\Int\Int_Battery.c       0x00000000   Number         0  int_battery.o ABSOLUTE
    ..\Com\filter\Com_Filter.c               0x00000000   Number         0  com_filter.o ABSOLUTE
    ..\Com\filter\Com_IMU.c                  0x00000000   Number         0  com_imu.o ABSOLUTE
    ..\Com\filter\Com_Kalman.c               0x00000000   Number         0  com_kalman.o ABSOLUTE
    ..\Communi-Si24R1\App\App_Si24R1.c       0x00000000   Number         0  app_si24r1.o ABSOLUTE
    ..\Communi-Si24R1\Int\Int_Si24R1.c       0x00000000   Number         0  int_si24r1.o ABSOLUTE
    ..\Core\Src\adc.c                        0x00000000   Number         0  adc.o ABSOLUTE
    ..\Core\Src\dma.c                        0x00000000   Number         0  dma.o ABSOLUTE
    ..\Core\Src\gpio.c                       0x00000000   Number         0  gpio.o ABSOLUTE
    ..\Core\Src\i2c.c                        0x00000000   Number         0  i2c.o ABSOLUTE
    ..\Core\Src\main.c                       0x00000000   Number         0  main.o ABSOLUTE
    ..\Core\Src\spi.c                        0x00000000   Number         0  spi.o ABSOLUTE
    ..\Core\Src\stm32f1xx_hal_msp.c          0x00000000   Number         0  stm32f1xx_hal_msp.o ABSOLUTE
    ..\Core\Src\stm32f1xx_it.c               0x00000000   Number         0  stm32f1xx_it.o ABSOLUTE
    ..\Core\Src\system_stm32f1xx.c           0x00000000   Number         0  system_stm32f1xx.o ABSOLUTE
    ..\Core\Src\tim.c                        0x00000000   Number         0  tim.o ABSOLUTE
    ..\Core\Src\usart.c                      0x00000000   Number         0  usart.o ABSOLUTE
    ..\Drivers\STM32F1xx_HAL_Driver\Src\stm32f1xx_hal.c 0x00000000   Number         0  stm32f1xx_hal.o ABSOLUTE
    ..\Drivers\STM32F1xx_HAL_Driver\Src\stm32f1xx_hal_adc.c 0x00000000   Number         0  stm32f1xx_hal_adc.o ABSOLUTE
    ..\Drivers\STM32F1xx_HAL_Driver\Src\stm32f1xx_hal_adc_ex.c 0x00000000   Number         0  stm32f1xx_hal_adc_ex.o ABSOLUTE
    ..\Drivers\STM32F1xx_HAL_Driver\Src\stm32f1xx_hal_cortex.c 0x00000000   Number         0  stm32f1xx_hal_cortex.o ABSOLUTE
    ..\Drivers\STM32F1xx_HAL_Driver\Src\stm32f1xx_hal_dma.c 0x00000000   Number         0  stm32f1xx_hal_dma.o ABSOLUTE
    ..\Drivers\STM32F1xx_HAL_Driver\Src\stm32f1xx_hal_exti.c 0x00000000   Number         0  stm32f1xx_hal_exti.o ABSOLUTE
    ..\Drivers\STM32F1xx_HAL_Driver\Src\stm32f1xx_hal_flash.c 0x00000000   Number         0  stm32f1xx_hal_flash.o ABSOLUTE
    ..\Drivers\STM32F1xx_HAL_Driver\Src\stm32f1xx_hal_flash_ex.c 0x00000000   Number         0  stm32f1xx_hal_flash_ex.o ABSOLUTE
    ..\Drivers\STM32F1xx_HAL_Driver\Src\stm32f1xx_hal_gpio.c 0x00000000   Number         0  stm32f1xx_hal_gpio.o ABSOLUTE
    ..\Drivers\STM32F1xx_HAL_Driver\Src\stm32f1xx_hal_gpio_ex.c 0x00000000   Number         0  stm32f1xx_hal_gpio_ex.o ABSOLUTE
    ..\Drivers\STM32F1xx_HAL_Driver\Src\stm32f1xx_hal_i2c.c 0x00000000   Number         0  stm32f1xx_hal_i2c.o ABSOLUTE
    ..\Drivers\STM32F1xx_HAL_Driver\Src\stm32f1xx_hal_pwr.c 0x00000000   Number         0  stm32f1xx_hal_pwr.o ABSOLUTE
    ..\Drivers\STM32F1xx_HAL_Driver\Src\stm32f1xx_hal_rcc.c 0x00000000   Number         0  stm32f1xx_hal_rcc.o ABSOLUTE
    ..\Drivers\STM32F1xx_HAL_Driver\Src\stm32f1xx_hal_rcc_ex.c 0x00000000   Number         0  stm32f1xx_hal_rcc_ex.o ABSOLUTE
    ..\Drivers\STM32F1xx_HAL_Driver\Src\stm32f1xx_hal_spi.c 0x00000000   Number         0  stm32f1xx_hal_spi.o ABSOLUTE
    ..\Drivers\STM32F1xx_HAL_Driver\Src\stm32f1xx_hal_tim.c 0x00000000   Number         0  stm32f1xx_hal_tim.o ABSOLUTE
    ..\Drivers\STM32F1xx_HAL_Driver\Src\stm32f1xx_hal_tim_ex.c 0x00000000   Number         0  stm32f1xx_hal_tim_ex.o ABSOLUTE
    ..\Drivers\STM32F1xx_HAL_Driver\Src\stm32f1xx_hal_uart.c 0x00000000   Number         0  stm32f1xx_hal_uart.o ABSOLUTE
    ..\EleMachine-\App\App_PWM.c             0x00000000   Number         0  app_pwm.o ABSOLUTE
    ..\EleMachine-\Int\Int_PWM.c             0x00000000   Number         0  int_pwm.o ABSOLUTE
    ..\Mid\FreeRTOS\portable\RVDS\ARM_CM3\port.c 0x00000000   Number         0  port.o ABSOLUTE
    ..\Mid\FreeRTOS\portable\heap_4.c        0x00000000   Number         0  heap_4.o ABSOLUTE
    ..\Mid\FreeRTOS\source\croutine.c        0x00000000   Number         0  croutine.o ABSOLUTE
    ..\Mid\FreeRTOS\source\event_groups.c    0x00000000   Number         0  event_groups.o ABSOLUTE
    ..\Mid\FreeRTOS\source\list.c            0x00000000   Number         0  list.o ABSOLUTE
    ..\Mid\FreeRTOS\source\queue.c           0x00000000   Number         0  queue.o ABSOLUTE
    ..\Mid\FreeRTOS\source\stream_buffer.c   0x00000000   Number         0  stream_buffer.o ABSOLUTE
    ..\Mid\FreeRTOS\source\tasks.c           0x00000000   Number         0  tasks.o ABSOLUTE
    ..\Mid\FreeRTOS\source\timers.c          0x00000000   Number         0  timers.o ABSOLUTE
    ..\Pilot_LED\App\App_PilotLED.c          0x00000000   Number         0  app_pilotled.o ABSOLUTE
    ..\Pilot_LED\Int\Int_PilotLED.c          0x00000000   Number         0  int_pilotled.o ABSOLUTE
    ..\\Angle-MPU_6050\\App\\App_Mpu6050.c   0x00000000   Number         0  app_mpu6050.o ABSOLUTE
    ..\\Angle-MPU_6050\\App\\App_Mpu6050_Quaternion.c 0x00000000   Number         0  app_mpu6050_quaternion.o ABSOLUTE
    ..\\Angle-MPU_6050\\Int\\Int_Mpu6050.c   0x00000000   Number         0  int_mpu6050.o ABSOLUTE
    ..\\Battery_Power\\App\\App_Battery.c    0x00000000   Number         0  app_battery.o ABSOLUTE
    ..\\Battery_Power\\Int\\Int_Battery.c    0x00000000   Number         0  int_battery.o ABSOLUTE
    ..\\Com\\filter\\Com_IMU.c               0x00000000   Number         0  com_imu.o ABSOLUTE
    ..\\Communi-Si24R1\\App\\App_Si24R1.c    0x00000000   Number         0  app_si24r1.o ABSOLUTE
    ..\\Communi-Si24R1\\Int\\Int_Si24R1.c    0x00000000   Number         0  int_si24r1.o ABSOLUTE
    ..\\EleMachine-\\App\\App_PWM.c          0x00000000   Number         0  app_pwm.o ABSOLUTE
    ..\\EleMachine-\\Int\\Int_PWM.c          0x00000000   Number         0  int_pwm.o ABSOLUTE
    ..\\Mid\\FreeRTOS\\portable\\RVDS\\ARM_CM3\\port.c 0x00000000   Number         0  port.o ABSOLUTE
    ..\\Pilot_LED\\App\\App_PilotLED.c       0x00000000   Number         0  app_pilotled.o ABSOLUTE
    ..\\Pilot_LED\\Int\\Int_PilotLED.c       0x00000000   Number         0  int_pilotled.o ABSOLUTE
    cdcmple.s                                0x00000000   Number         0  cdcmple.o ABSOLUTE
    cdrcmple.s                               0x00000000   Number         0  cdrcmple.o ABSOLUTE
    cfcmple.s                                0x00000000   Number         0  cfcmple.o ABSOLUTE
    cfrcmple.s                               0x00000000   Number         0  cfrcmple.o ABSOLUTE
    dc.s                                     0x00000000   Number         0  dc.o ABSOLUTE
    handlers.s                               0x00000000   Number         0  handlers.o ABSOLUTE
    init.s                                   0x00000000   Number         0  init.o ABSOLUTE
    startup_stm32f103xb.s                    0x00000000   Number         0  startup_stm32f103xb.o ABSOLUTE
    RESET                                    0x08000000   Section      236  startup_stm32f103xb.o(RESET)
    .ARM.Collect$$$$00000000                 0x080000ec   Section        0  entry.o(.ARM.Collect$$$$00000000)
    .ARM.Collect$$$$00000001                 0x080000ec   Section        4  entry2.o(.ARM.Collect$$$$00000001)
    .ARM.Collect$$$$00000004                 0x080000f0   Section        4  entry5.o(.ARM.Collect$$$$00000004)
    .ARM.Collect$$$$00000008                 0x080000f4   Section        0  entry7b.o(.ARM.Collect$$$$00000008)
    .ARM.Collect$$$$0000000A                 0x080000f4   Section        0  entry8b.o(.ARM.Collect$$$$0000000A)
    .ARM.Collect$$$$0000000B                 0x080000f4   Section        8  entry9a.o(.ARM.Collect$$$$0000000B)
    .ARM.Collect$$$$0000000E                 0x080000fc   Section        4  entry12b.o(.ARM.Collect$$$$0000000E)
    .ARM.Collect$$$$0000000F                 0x08000100   Section        0  entry10a.o(.ARM.Collect$$$$0000000F)
    .ARM.Collect$$$$00000011                 0x08000100   Section        0  entry11a.o(.ARM.Collect$$$$00000011)
    .ARM.Collect$$$$00002712                 0x08000100   Section        4  entry2.o(.ARM.Collect$$$$00002712)
    __lit__00000000                          0x08000100   Data           4  entry2.o(.ARM.Collect$$$$00002712)
    .text                                    0x08000104   Section       36  startup_stm32f103xb.o(.text)
    .text                                    0x08000128   Section        0  llushr.o(.text)
    .text                                    0x08000148   Section        0  memseta.o(.text)
    .text                                    0x0800016c   Section        0  dadd.o(.text)
    .text                                    0x080002ba   Section        0  dmul.o(.text)
    .text                                    0x0800039e   Section        0  ddiv.o(.text)
    .text                                    0x0800047c   Section        0  uidiv.o(.text)
    .text                                    0x080004a8   Section        0  uldiv.o(.text)
    .text                                    0x0800050a   Section        0  llshl.o(.text)
    .text                                    0x08000528   Section        0  llsshr.o(.text)
    .text                                    0x0800054c   Section        0  iusefp.o(.text)
    .text                                    0x0800054c   Section        0  depilogue.o(.text)
    .text                                    0x08000606   Section        0  dfixul.o(.text)
    .text                                    0x08000638   Section       48  cdrcmple.o(.text)
    .text                                    0x08000668   Section       36  init.o(.text)
    i.ADC_ConversionStop_Disable             0x0800068c   Section        0  stm32f1xx_hal_adc.o(i.ADC_ConversionStop_Disable)
    i.App_Si24R1_RC_Analysis                 0x080006e8   Section        0  app_si24r1.o(i.App_Si24R1_RC_Analysis)
    i.App_Si24R1_RC_Unlock                   0x080007a0   Section        0  app_si24r1.o(i.App_Si24R1_RC_Unlock)
    i.App_Si24R1_Receive                     0x0800093c   Section        0  app_si24r1.o(i.App_Si24R1_Receive)
    i.App_Si24R1_Remote_Check                0x08000954   Section        0  app_si24r1.o(i.App_Si24R1_Remote_Check)
    i.BusFault_Handler                       0x08000a14   Section        0  stm32f1xx_it.o(i.BusFault_Handler)
    i.DMA1_Channel1_IRQHandler               0x08000a18   Section        0  stm32f1xx_it.o(i.DMA1_Channel1_IRQHandler)
    i.DebugMon_Handler                       0x08000a28   Section        0  stm32f1xx_it.o(i.DebugMon_Handler)
    i.Error_Handler                          0x08000a2a   Section        0  main.o(i.Error_Handler)
    i.HAL_ADC_ConfigChannel                  0x08000a30   Section        0  stm32f1xx_hal_adc.o(i.HAL_ADC_ConfigChannel)
    i.HAL_ADC_Init                           0x08000b90   Section        0  stm32f1xx_hal_adc.o(i.HAL_ADC_Init)
    i.HAL_ADC_MspInit                        0x08000cd4   Section        0  adc.o(i.HAL_ADC_MspInit)
    i.HAL_DMA_IRQHandler                     0x08000d84   Section        0  stm32f1xx_hal_dma.o(i.HAL_DMA_IRQHandler)
    i.HAL_DMA_Init                           0x08000f20   Section        0  stm32f1xx_hal_dma.o(i.HAL_DMA_Init)
    i.HAL_Delay                              0x08000f88   Section        0  stm32f1xx_hal.o(i.HAL_Delay)
    i.HAL_GPIO_Init                          0x08000fb0   Section        0  stm32f1xx_hal_gpio.o(i.HAL_GPIO_Init)
    i.HAL_GPIO_WritePin                      0x080012d0   Section        0  stm32f1xx_hal_gpio.o(i.HAL_GPIO_WritePin)
    i.HAL_GetTick                            0x080012dc   Section        0  stm32f1xx_hal.o(i.HAL_GetTick)
    i.HAL_I2C_Init                           0x080012e8   Section        0  stm32f1xx_hal_i2c.o(i.HAL_I2C_Init)
    i.HAL_I2C_MspInit                        0x080014b8   Section        0  i2c.o(i.HAL_I2C_MspInit)
    i.HAL_IncTick                            0x0800152c   Section        0  stm32f1xx_hal.o(i.HAL_IncTick)
    i.HAL_Init                               0x08001544   Section        0  stm32f1xx_hal.o(i.HAL_Init)
    i.HAL_InitTick                           0x0800156c   Section        0  stm32f1xx_hal.o(i.HAL_InitTick)
    i.HAL_MspInit                            0x080015b8   Section        0  stm32f1xx_hal_msp.o(i.HAL_MspInit)
    i.HAL_NVIC_EnableIRQ                     0x0800160c   Section        0  stm32f1xx_hal_cortex.o(i.HAL_NVIC_EnableIRQ)
    i.HAL_NVIC_SetPriority                   0x0800162c   Section        0  stm32f1xx_hal_cortex.o(i.HAL_NVIC_SetPriority)
    i.HAL_NVIC_SetPriorityGrouping           0x080016a8   Section        0  stm32f1xx_hal_cortex.o(i.HAL_NVIC_SetPriorityGrouping)
    i.HAL_RCCEx_PeriphCLKConfig              0x080016d0   Section        0  stm32f1xx_hal_rcc_ex.o(i.HAL_RCCEx_PeriphCLKConfig)
    i.HAL_RCC_ClockConfig                    0x08001800   Section        0  stm32f1xx_hal_rcc.o(i.HAL_RCC_ClockConfig)
    i.HAL_RCC_GetHCLKFreq                    0x0800198c   Section        0  stm32f1xx_hal_rcc.o(i.HAL_RCC_GetHCLKFreq)
    i.HAL_RCC_GetPCLK1Freq                   0x08001998   Section        0  stm32f1xx_hal_rcc.o(i.HAL_RCC_GetPCLK1Freq)
    i.HAL_RCC_GetPCLK2Freq                   0x080019b8   Section        0  stm32f1xx_hal_rcc.o(i.HAL_RCC_GetPCLK2Freq)
    i.HAL_RCC_GetSysClockFreq                0x080019d8   Section        0  stm32f1xx_hal_rcc.o(i.HAL_RCC_GetSysClockFreq)
    i.HAL_RCC_OscConfig                      0x08001a48   Section        0  stm32f1xx_hal_rcc.o(i.HAL_RCC_OscConfig)
    i.HAL_SPI_Init                           0x08001eac   Section        0  stm32f1xx_hal_spi.o(i.HAL_SPI_Init)
    i.HAL_SPI_MspInit                        0x08001f6c   Section        0  spi.o(i.HAL_SPI_MspInit)
    i.HAL_SPI_TransmitReceive                0x08001ff0   Section        0  stm32f1xx_hal_spi.o(i.HAL_SPI_TransmitReceive)
    i.HAL_SYSTICK_Config                     0x08002230   Section        0  stm32f1xx_hal_cortex.o(i.HAL_SYSTICK_Config)
    i.HAL_TIMEx_ConfigBreakDeadTime          0x08002264   Section        0  stm32f1xx_hal_tim_ex.o(i.HAL_TIMEx_ConfigBreakDeadTime)
    i.HAL_TIMEx_MasterConfigSynchronization  0x080022d8   Section        0  stm32f1xx_hal_tim_ex.o(i.HAL_TIMEx_MasterConfigSynchronization)
    i.HAL_TIM_Base_Init                      0x0800235c   Section        0  stm32f1xx_hal_tim.o(i.HAL_TIM_Base_Init)
    i.HAL_TIM_Base_MspInit                   0x080023c4   Section        0  tim.o(i.HAL_TIM_Base_MspInit)
    i.HAL_TIM_ConfigClockSource              0x08002468   Section        0  stm32f1xx_hal_tim.o(i.HAL_TIM_ConfigClockSource)
    i.HAL_TIM_MspPostInit                    0x08002574   Section        0  tim.o(i.HAL_TIM_MspPostInit)
    i.HAL_TIM_PWM_ConfigChannel              0x08002694   Section        0  stm32f1xx_hal_tim.o(i.HAL_TIM_PWM_ConfigChannel)
    i.HAL_TIM_PWM_Init                       0x08002798   Section        0  stm32f1xx_hal_tim.o(i.HAL_TIM_PWM_Init)
    i.HAL_TIM_PWM_MspInit                    0x080027fe   Section        0  stm32f1xx_hal_tim.o(i.HAL_TIM_PWM_MspInit)
    i.HAL_UART_Init                          0x08002800   Section        0  stm32f1xx_hal_uart.o(i.HAL_UART_Init)
    i.HAL_UART_MspInit                       0x08002878   Section        0  usart.o(i.HAL_UART_MspInit)
    i.HAL_UART_Transmit                      0x080028fc   Section        0  stm32f1xx_hal_uart.o(i.HAL_UART_Transmit)
    i.HardFault_Handler                      0x080029ae   Section        0  stm32f1xx_it.o(i.HardFault_Handler)
    i.Int_NRF24L01_Check                     0x080029b4   Section        0  int_si24r1.o(i.Int_NRF24L01_Check)
    i.Int_NRF24L01_RX_Mode                   0x08002a00   Section        0  int_si24r1.o(i.Int_NRF24L01_RX_Mode)
    i.Int_NRF24L01_Read_Buf                  0x08002a5c   Section        0  int_si24r1.o(i.Int_NRF24L01_Read_Buf)
    i.Int_NRF24L01_Read_Reg                  0x08002aa8   Section        0  int_si24r1.o(i.Int_NRF24L01_Read_Reg)
    i.Int_NRF24L01_RxPacket                  0x08002af4   Section        0  int_si24r1.o(i.Int_NRF24L01_RxPacket)
    i.Int_NRF24L01_Write_Buf                 0x08002b38   Section        0  int_si24r1.o(i.Int_NRF24L01_Write_Buf)
    i.Int_NRF24L01_Write_Reg                 0x08002b84   Section        0  int_si24r1.o(i.Int_NRF24L01_Write_Reg)
    i.MX_ADC1_Init                           0x08002bcc   Section        0  adc.o(i.MX_ADC1_Init)
    i.MX_DMA_Init                            0x08002c28   Section        0  dma.o(i.MX_DMA_Init)
    i.MX_GPIO_Init                           0x08002c5c   Section        0  gpio.o(i.MX_GPIO_Init)
    i.MX_I2C1_Init                           0x08002d48   Section        0  i2c.o(i.MX_I2C1_Init)
    i.MX_SPI1_Init                           0x08002d84   Section        0  spi.o(i.MX_SPI1_Init)
    i.MX_TIM1_Init                           0x08002dc8   Section        0  tim.o(i.MX_TIM1_Init)
    i.MX_TIM2_Init                           0x08002ea0   Section        0  tim.o(i.MX_TIM2_Init)
    i.MX_TIM3_Init                           0x08002f40   Section        0  tim.o(i.MX_TIM3_Init)
    i.MX_TIM4_Init                           0x08002fe4   Section        0  tim.o(i.MX_TIM4_Init)
    i.MX_USART2_UART_Init                    0x08003088   Section        0  usart.o(i.MX_USART2_UART_Init)
    i.MemManage_Handler                      0x080030c0   Section        0  stm32f1xx_it.o(i.MemManage_Handler)
    i.NMI_Handler                            0x080030c4   Section        0  stm32f1xx_it.o(i.NMI_Handler)
    i.PendSV_Handler                         0x080030c8   Section        0  stm32f1xx_it.o(i.PendSV_Handler)
    i.RCC_Delay                              0x080030cc   Section        0  stm32f1xx_hal_rcc.o(i.RCC_Delay)
    RCC_Delay                                0x080030cd   Thumb Code    36  stm32f1xx_hal_rcc.o(i.RCC_Delay)
    i.SPI_EndRxTxTransaction                 0x080030f4   Section        0  stm32f1xx_hal_spi.o(i.SPI_EndRxTxTransaction)
    SPI_EndRxTxTransaction                   0x080030f5   Thumb Code    40  stm32f1xx_hal_spi.o(i.SPI_EndRxTxTransaction)
    i.SPI_WaitFlagStateUntilTimeout          0x0800311c   Section        0  stm32f1xx_hal_spi.o(i.SPI_WaitFlagStateUntilTimeout)
    SPI_WaitFlagStateUntilTimeout            0x0800311d   Thumb Code   210  stm32f1xx_hal_spi.o(i.SPI_WaitFlagStateUntilTimeout)
    i.SVC_Handler                            0x080031f4   Section        0  stm32f1xx_it.o(i.SVC_Handler)
    i.SysTick_Handler                        0x080031f6   Section        0  stm32f1xx_it.o(i.SysTick_Handler)
    i.SystemClock_Config                     0x080031fe   Section        0  main.o(i.SystemClock_Config)
    i.SystemInit                             0x08003282   Section        0  system_stm32f1xx.o(i.SystemInit)
    i.TIM_Base_SetConfig                     0x08003284   Section        0  stm32f1xx_hal_tim.o(i.TIM_Base_SetConfig)
    i.TIM_ETR_SetConfig                      0x080032f8   Section        0  stm32f1xx_hal_tim.o(i.TIM_ETR_SetConfig)
    i.TIM_ITRx_SetConfig                     0x0800330e   Section        0  stm32f1xx_hal_tim.o(i.TIM_ITRx_SetConfig)
    TIM_ITRx_SetConfig                       0x0800330f   Thumb Code    18  stm32f1xx_hal_tim.o(i.TIM_ITRx_SetConfig)
    i.TIM_OC1_SetConfig                      0x08003320   Section        0  stm32f1xx_hal_tim.o(i.TIM_OC1_SetConfig)
    TIM_OC1_SetConfig                        0x08003321   Thumb Code    90  stm32f1xx_hal_tim.o(i.TIM_OC1_SetConfig)
    i.TIM_OC2_SetConfig                      0x08003380   Section        0  stm32f1xx_hal_tim.o(i.TIM_OC2_SetConfig)
    i.TIM_OC3_SetConfig                      0x080033e8   Section        0  stm32f1xx_hal_tim.o(i.TIM_OC3_SetConfig)
    TIM_OC3_SetConfig                        0x080033e9   Thumb Code    98  stm32f1xx_hal_tim.o(i.TIM_OC3_SetConfig)
    i.TIM_OC4_SetConfig                      0x08003450   Section        0  stm32f1xx_hal_tim.o(i.TIM_OC4_SetConfig)
    TIM_OC4_SetConfig                        0x08003451   Thumb Code    68  stm32f1xx_hal_tim.o(i.TIM_OC4_SetConfig)
    i.TIM_TI1_ConfigInputStage               0x08003498   Section        0  stm32f1xx_hal_tim.o(i.TIM_TI1_ConfigInputStage)
    TIM_TI1_ConfigInputStage                 0x08003499   Thumb Code    38  stm32f1xx_hal_tim.o(i.TIM_TI1_ConfigInputStage)
    i.TIM_TI2_ConfigInputStage               0x080034be   Section        0  stm32f1xx_hal_tim.o(i.TIM_TI2_ConfigInputStage)
    TIM_TI2_ConfigInputStage                 0x080034bf   Thumb Code    40  stm32f1xx_hal_tim.o(i.TIM_TI2_ConfigInputStage)
    i.UART_SetConfig                         0x080034e8   Section        0  stm32f1xx_hal_uart.o(i.UART_SetConfig)
    UART_SetConfig                           0x080034e9   Thumb Code   248  stm32f1xx_hal_uart.o(i.UART_SetConfig)
    i.UART_WaitOnFlagUntilTimeout            0x080035e4   Section        0  stm32f1xx_hal_uart.o(i.UART_WaitOnFlagUntilTimeout)
    UART_WaitOnFlagUntilTimeout              0x080035e5   Thumb Code   146  stm32f1xx_hal_uart.o(i.UART_WaitOnFlagUntilTimeout)
    i.UsageFault_Handler                     0x08003676   Section        0  stm32f1xx_it.o(i.UsageFault_Handler)
    i.__0printf                              0x0800367c   Section        0  printfa.o(i.__0printf)
    i.__NVIC_GetPriorityGrouping             0x0800369c   Section        0  stm32f1xx_hal_cortex.o(i.__NVIC_GetPriorityGrouping)
    __NVIC_GetPriorityGrouping               0x0800369d   Thumb Code    10  stm32f1xx_hal_cortex.o(i.__NVIC_GetPriorityGrouping)
    i.__NVIC_SetPriority                     0x080036ac   Section        0  stm32f1xx_hal_cortex.o(i.__NVIC_SetPriority)
    __NVIC_SetPriority                       0x080036ad   Thumb Code    32  stm32f1xx_hal_cortex.o(i.__NVIC_SetPriority)
    i.__scatterload_copy                     0x080036d4   Section       14  handlers.o(i.__scatterload_copy)
    i.__scatterload_null                     0x080036e2   Section        2  handlers.o(i.__scatterload_null)
    i.__scatterload_zeroinit                 0x080036e4   Section       14  handlers.o(i.__scatterload_zeroinit)
    i._fp_digits                             0x080036f4   Section        0  printfa.o(i._fp_digits)
    _fp_digits                               0x080036f5   Thumb Code   366  printfa.o(i._fp_digits)
    i._printf_core                           0x08003878   Section        0  printfa.o(i._printf_core)
    _printf_core                             0x08003879   Thumb Code  1704  printfa.o(i._printf_core)
    i._printf_post_padding                   0x08003f2c   Section        0  printfa.o(i._printf_post_padding)
    _printf_post_padding                     0x08003f2d   Thumb Code    36  printfa.o(i._printf_post_padding)
    i._printf_pre_padding                    0x08003f50   Section        0  printfa.o(i._printf_pre_padding)
    _printf_pre_padding                      0x08003f51   Thumb Code    46  printfa.o(i._printf_pre_padding)
    i.fputc                                  0x08003f80   Section        0  usart.o(i.fputc)
    i.main                                   0x08003f9c   Section        0  main.o(i.main)
    .constdata                               0x08003ff0   Section       18  stm32f1xx_hal_rcc.o(.constdata)
    aPLLMULFactorTable                       0x08003ff0   Data          16  stm32f1xx_hal_rcc.o(.constdata)
    aPredivFactorTable                       0x08004000   Data           2  stm32f1xx_hal_rcc.o(.constdata)
    .constdata                               0x08004002   Section       24  system_stm32f1xx.o(.constdata)
    .data                                    0x20000000   Section        9  stm32f1xx_hal.o(.data)
    .data                                    0x2000000c   Section        4  system_stm32f1xx.o(.data)
    .data                                    0x20000010   Section       18  app_si24r1.o(.data)
    status                                   0x2000001b   Data           1  app_si24r1.o(.data)
    timeout                                  0x2000001c   Data           4  app_si24r1.o(.data)
    thr_count                                0x20000020   Data           2  app_si24r1.o(.data)
    .data                                    0x20000022   Section       12  int_si24r1.o(.data)
    .data                                    0x20000030   Section        4  stdout.o(.data)
    .bss                                     0x20000034   Section      116  adc.o(.bss)
    .bss                                     0x200000a8   Section       84  i2c.o(.bss)
    .bss                                     0x200000fc   Section       88  spi.o(.bss)
    .bss                                     0x20000154   Section      288  tim.o(.bss)
    .bss                                     0x20000274   Section       72  usart.o(.bss)
    .bss                                     0x200002bc   Section       28  app_si24r1.o(.bss)
    STACK                                    0x200002d8   Section     1024  startup_stm32f103xb.o(STACK)

    Global Symbols

    Symbol Name                              Value     Ov Type        Size  Object(Section)

    BuildAttributes$$THM_ISAv4$P$D$K$B$S$PE$A:L22UL41UL21$X:L11$S22US41US21$IEEE1$IW$USESV6$~STKCKD$USESV7$~SHL$OTIME$ROPI$IEEEX$EBA8$MICROLIB$REQ8$PRES8$EABIv2 0x00000000   Number         0  anon$$obj.o ABSOLUTE
    __ARM_use_no_argv                        0x00000000   Number         0  main.o ABSOLUTE
    _printf_a                                0x00000000   Number         0  stubs.o ABSOLUTE
    _printf_c                                0x00000000   Number         0  stubs.o ABSOLUTE
    _printf_charcount                        0x00000000   Number         0  stubs.o ABSOLUTE
    _printf_d                                0x00000000   Number         0  stubs.o ABSOLUTE
    _printf_e                                0x00000000   Number         0  stubs.o ABSOLUTE
    _printf_f                                0x00000000   Number         0  stubs.o ABSOLUTE
    _printf_flags                            0x00000000   Number         0  stubs.o ABSOLUTE
    _printf_fp_dec                           0x00000000   Number         0  stubs.o ABSOLUTE
    _printf_fp_hex                           0x00000000   Number         0  stubs.o ABSOLUTE
    _printf_g                                0x00000000   Number         0  stubs.o ABSOLUTE
    _printf_i                                0x00000000   Number         0  stubs.o ABSOLUTE
    _printf_int_dec                          0x00000000   Number         0  stubs.o ABSOLUTE
    _printf_l                                0x00000000   Number         0  stubs.o ABSOLUTE
    _printf_lc                               0x00000000   Number         0  stubs.o ABSOLUTE
    _printf_ll                               0x00000000   Number         0  stubs.o ABSOLUTE
    _printf_lld                              0x00000000   Number         0  stubs.o ABSOLUTE
    _printf_lli                              0x00000000   Number         0  stubs.o ABSOLUTE
    _printf_llo                              0x00000000   Number         0  stubs.o ABSOLUTE
    _printf_llu                              0x00000000   Number         0  stubs.o ABSOLUTE
    _printf_llx                              0x00000000   Number         0  stubs.o ABSOLUTE
    _printf_longlong_dec                     0x00000000   Number         0  stubs.o ABSOLUTE
    _printf_longlong_hex                     0x00000000   Number         0  stubs.o ABSOLUTE
    _printf_longlong_oct                     0x00000000   Number         0  stubs.o ABSOLUTE
    _printf_ls                               0x00000000   Number         0  stubs.o ABSOLUTE
    _printf_mbtowc                           0x00000000   Number         0  stubs.o ABSOLUTE
    _printf_n                                0x00000000   Number         0  stubs.o ABSOLUTE
    _printf_o                                0x00000000   Number         0  stubs.o ABSOLUTE
    _printf_p                                0x00000000   Number         0  stubs.o ABSOLUTE
    _printf_percent                          0x00000000   Number         0  stubs.o ABSOLUTE
    _printf_pre_padding                      0x00000000   Number         0  stubs.o ABSOLUTE
    _printf_return_value                     0x00000000   Number         0  stubs.o ABSOLUTE
    _printf_s                                0x00000000   Number         0  stubs.o ABSOLUTE
    _printf_sizespec                         0x00000000   Number         0  stubs.o ABSOLUTE
    _printf_str                              0x00000000   Number         0  stubs.o ABSOLUTE
    _printf_truncate_signed                  0x00000000   Number         0  stubs.o ABSOLUTE
    _printf_truncate_unsigned                0x00000000   Number         0  stubs.o ABSOLUTE
    _printf_u                                0x00000000   Number         0  stubs.o ABSOLUTE
    _printf_wc                               0x00000000   Number         0  stubs.o ABSOLUTE
    _printf_wctomb                           0x00000000   Number         0  stubs.o ABSOLUTE
    _printf_widthprec                        0x00000000   Number         0  stubs.o ABSOLUTE
    _printf_x                                0x00000000   Number         0  stubs.o ABSOLUTE
    __arm_fini_                               - Undefined Weak Reference
    __cpp_initialize__aeabi_                  - Undefined Weak Reference
    __cxa_finalize                            - Undefined Weak Reference
    __decompress                              - Undefined Weak Reference
    _clock_init                               - Undefined Weak Reference
    _microlib_exit                            - Undefined Weak Reference
    __Vectors_Size                           0x000000ec   Number         0  startup_stm32f103xb.o ABSOLUTE
    __Vectors                                0x08000000   Data           4  startup_stm32f103xb.o(RESET)
    __Vectors_End                            0x080000ec   Data           0  startup_stm32f103xb.o(RESET)
    __main                                   0x080000ed   Thumb Code     0  entry.o(.ARM.Collect$$$$00000000)
    _main_stk                                0x080000ed   Thumb Code     0  entry2.o(.ARM.Collect$$$$00000001)
    _main_scatterload                        0x080000f1   Thumb Code     0  entry5.o(.ARM.Collect$$$$00000004)
    __main_after_scatterload                 0x080000f5   Thumb Code     0  entry5.o(.ARM.Collect$$$$00000004)
    _main_clock                              0x080000f5   Thumb Code     0  entry7b.o(.ARM.Collect$$$$00000008)
    _main_cpp_init                           0x080000f5   Thumb Code     0  entry8b.o(.ARM.Collect$$$$0000000A)
    _main_init                               0x080000f5   Thumb Code     0  entry9a.o(.ARM.Collect$$$$0000000B)
    __rt_lib_shutdown_fini                   0x080000fd   Thumb Code     0  entry12b.o(.ARM.Collect$$$$0000000E)
    __rt_final_cpp                           0x08000101   Thumb Code     0  entry10a.o(.ARM.Collect$$$$0000000F)
    __rt_final_exit                          0x08000101   Thumb Code     0  entry11a.o(.ARM.Collect$$$$00000011)
    Reset_Handler                            0x08000105   Thumb Code     8  startup_stm32f103xb.o(.text)
    ADC1_2_IRQHandler                        0x0800011f   Thumb Code     0  startup_stm32f103xb.o(.text)
    CAN1_RX1_IRQHandler                      0x0800011f   Thumb Code     0  startup_stm32f103xb.o(.text)
    CAN1_SCE_IRQHandler                      0x0800011f   Thumb Code     0  startup_stm32f103xb.o(.text)
    DMA1_Channel2_IRQHandler                 0x0800011f   Thumb Code     0  startup_stm32f103xb.o(.text)
    DMA1_Channel3_IRQHandler                 0x0800011f   Thumb Code     0  startup_stm32f103xb.o(.text)
    DMA1_Channel4_IRQHandler                 0x0800011f   Thumb Code     0  startup_stm32f103xb.o(.text)
    DMA1_Channel5_IRQHandler                 0x0800011f   Thumb Code     0  startup_stm32f103xb.o(.text)
    DMA1_Channel6_IRQHandler                 0x0800011f   Thumb Code     0  startup_stm32f103xb.o(.text)
    DMA1_Channel7_IRQHandler                 0x0800011f   Thumb Code     0  startup_stm32f103xb.o(.text)
    EXTI0_IRQHandler                         0x0800011f   Thumb Code     0  startup_stm32f103xb.o(.text)
    EXTI15_10_IRQHandler                     0x0800011f   Thumb Code     0  startup_stm32f103xb.o(.text)
    EXTI1_IRQHandler                         0x0800011f   Thumb Code     0  startup_stm32f103xb.o(.text)
    EXTI2_IRQHandler                         0x0800011f   Thumb Code     0  startup_stm32f103xb.o(.text)
    EXTI3_IRQHandler                         0x0800011f   Thumb Code     0  startup_stm32f103xb.o(.text)
    EXTI4_IRQHandler                         0x0800011f   Thumb Code     0  startup_stm32f103xb.o(.text)
    EXTI9_5_IRQHandler                       0x0800011f   Thumb Code     0  startup_stm32f103xb.o(.text)
    FLASH_IRQHandler                         0x0800011f   Thumb Code     0  startup_stm32f103xb.o(.text)
    I2C1_ER_IRQHandler                       0x0800011f   Thumb Code     0  startup_stm32f103xb.o(.text)
    I2C1_EV_IRQHandler                       0x0800011f   Thumb Code     0  startup_stm32f103xb.o(.text)
    I2C2_ER_IRQHandler                       0x0800011f   Thumb Code     0  startup_stm32f103xb.o(.text)
    I2C2_EV_IRQHandler                       0x0800011f   Thumb Code     0  startup_stm32f103xb.o(.text)
    PVD_IRQHandler                           0x0800011f   Thumb Code     0  startup_stm32f103xb.o(.text)
    RCC_IRQHandler                           0x0800011f   Thumb Code     0  startup_stm32f103xb.o(.text)
    RTC_Alarm_IRQHandler                     0x0800011f   Thumb Code     0  startup_stm32f103xb.o(.text)
    RTC_IRQHandler                           0x0800011f   Thumb Code     0  startup_stm32f103xb.o(.text)
    SPI1_IRQHandler                          0x0800011f   Thumb Code     0  startup_stm32f103xb.o(.text)
    SPI2_IRQHandler                          0x0800011f   Thumb Code     0  startup_stm32f103xb.o(.text)
    TAMPER_IRQHandler                        0x0800011f   Thumb Code     0  startup_stm32f103xb.o(.text)
    TIM1_BRK_IRQHandler                      0x0800011f   Thumb Code     0  startup_stm32f103xb.o(.text)
    TIM1_CC_IRQHandler                       0x0800011f   Thumb Code     0  startup_stm32f103xb.o(.text)
    TIM1_TRG_COM_IRQHandler                  0x0800011f   Thumb Code     0  startup_stm32f103xb.o(.text)
    TIM1_UP_IRQHandler                       0x0800011f   Thumb Code     0  startup_stm32f103xb.o(.text)
    TIM2_IRQHandler                          0x0800011f   Thumb Code     0  startup_stm32f103xb.o(.text)
    TIM3_IRQHandler                          0x0800011f   Thumb Code     0  startup_stm32f103xb.o(.text)
    TIM4_IRQHandler                          0x0800011f   Thumb Code     0  startup_stm32f103xb.o(.text)
    USART1_IRQHandler                        0x0800011f   Thumb Code     0  startup_stm32f103xb.o(.text)
    USART2_IRQHandler                        0x0800011f   Thumb Code     0  startup_stm32f103xb.o(.text)
    USART3_IRQHandler                        0x0800011f   Thumb Code     0  startup_stm32f103xb.o(.text)
    USBWakeUp_IRQHandler                     0x0800011f   Thumb Code     0  startup_stm32f103xb.o(.text)
    USB_HP_CAN1_TX_IRQHandler                0x0800011f   Thumb Code     0  startup_stm32f103xb.o(.text)
    USB_LP_CAN1_RX0_IRQHandler               0x0800011f   Thumb Code     0  startup_stm32f103xb.o(.text)
    WWDG_IRQHandler                          0x0800011f   Thumb Code     0  startup_stm32f103xb.o(.text)
    __aeabi_llsr                             0x08000129   Thumb Code    32  llushr.o(.text)
    _ll_ushift_r                             0x08000129   Thumb Code     0  llushr.o(.text)
    __aeabi_memset                           0x08000149   Thumb Code    14  memseta.o(.text)
    __aeabi_memset4                          0x08000149   Thumb Code     0  memseta.o(.text)
    __aeabi_memset8                          0x08000149   Thumb Code     0  memseta.o(.text)
    __aeabi_memclr                           0x08000157   Thumb Code     4  memseta.o(.text)
    __aeabi_memclr4                          0x08000157   Thumb Code     0  memseta.o(.text)
    __aeabi_memclr8                          0x08000157   Thumb Code     0  memseta.o(.text)
    _memset$wrapper                          0x0800015b   Thumb Code    18  memseta.o(.text)
    __aeabi_dadd                             0x0800016d   Thumb Code   322  dadd.o(.text)
    __aeabi_dsub                             0x080002af   Thumb Code     6  dadd.o(.text)
    __aeabi_drsub                            0x080002b5   Thumb Code     6  dadd.o(.text)
    __aeabi_dmul                             0x080002bb   Thumb Code   228  dmul.o(.text)
    __aeabi_ddiv                             0x0800039f   Thumb Code   222  ddiv.o(.text)
    __aeabi_uidiv                            0x0800047d   Thumb Code     0  uidiv.o(.text)
    __aeabi_uidivmod                         0x0800047d   Thumb Code    44  uidiv.o(.text)
    __aeabi_uldivmod                         0x080004a9   Thumb Code    98  uldiv.o(.text)
    __aeabi_llsl                             0x0800050b   Thumb Code    30  llshl.o(.text)
    _ll_shift_l                              0x0800050b   Thumb Code     0  llshl.o(.text)
    __aeabi_lasr                             0x08000529   Thumb Code    36  llsshr.o(.text)
    _ll_sshift_r                             0x08000529   Thumb Code     0  llsshr.o(.text)
    __I$use$fp                               0x0800054d   Thumb Code     0  iusefp.o(.text)
    _double_round                            0x0800054d   Thumb Code    30  depilogue.o(.text)
    _double_epilogue                         0x0800056b   Thumb Code   156  depilogue.o(.text)
    __aeabi_d2ulz                            0x08000607   Thumb Code    48  dfixul.o(.text)
    __aeabi_cdrcmple                         0x08000639   Thumb Code    48  cdrcmple.o(.text)
    __scatterload                            0x08000669   Thumb Code    28  init.o(.text)
    __scatterload_rt2                        0x08000669   Thumb Code     0  init.o(.text)
    ADC_ConversionStop_Disable               0x0800068d   Thumb Code    92  stm32f1xx_hal_adc.o(i.ADC_ConversionStop_Disable)
    App_Si24R1_RC_Analysis                   0x080006e9   Thumb Code   122  app_si24r1.o(i.App_Si24R1_RC_Analysis)
    App_Si24R1_RC_Unlock                     0x080007a1   Thumb Code   278  app_si24r1.o(i.App_Si24R1_RC_Unlock)
    App_Si24R1_Receive                       0x0800093d   Thumb Code    18  app_si24r1.o(i.App_Si24R1_Receive)
    App_Si24R1_Remote_Check                  0x08000955   Thumb Code   184  app_si24r1.o(i.App_Si24R1_Remote_Check)
    BusFault_Handler                         0x08000a15   Thumb Code     4  stm32f1xx_it.o(i.BusFault_Handler)
    DMA1_Channel1_IRQHandler                 0x08000a19   Thumb Code    10  stm32f1xx_it.o(i.DMA1_Channel1_IRQHandler)
    DebugMon_Handler                         0x08000a29   Thumb Code     2  stm32f1xx_it.o(i.DebugMon_Handler)
    Error_Handler                            0x08000a2b   Thumb Code     6  main.o(i.Error_Handler)
    HAL_ADC_ConfigChannel                    0x08000a31   Thumb Code   338  stm32f1xx_hal_adc.o(i.HAL_ADC_ConfigChannel)
    HAL_ADC_Init                             0x08000b91   Thumb Code   314  stm32f1xx_hal_adc.o(i.HAL_ADC_Init)
    HAL_ADC_MspInit                          0x08000cd5   Thumb Code   154  adc.o(i.HAL_ADC_MspInit)
    HAL_DMA_IRQHandler                       0x08000d85   Thumb Code   408  stm32f1xx_hal_dma.o(i.HAL_DMA_IRQHandler)
    HAL_DMA_Init                             0x08000f21   Thumb Code   100  stm32f1xx_hal_dma.o(i.HAL_DMA_Init)
    HAL_Delay                                0x08000f89   Thumb Code    36  stm32f1xx_hal.o(i.HAL_Delay)
    HAL_GPIO_Init                            0x08000fb1   Thumb Code   766  stm32f1xx_hal_gpio.o(i.HAL_GPIO_Init)
    HAL_GPIO_WritePin                        0x080012d1   Thumb Code    12  stm32f1xx_hal_gpio.o(i.HAL_GPIO_WritePin)
    HAL_GetTick                              0x080012dd   Thumb Code     6  stm32f1xx_hal.o(i.HAL_GetTick)
    HAL_I2C_Init                             0x080012e9   Thumb Code   446  stm32f1xx_hal_i2c.o(i.HAL_I2C_Init)
    HAL_I2C_MspInit                          0x080014b9   Thumb Code   104  i2c.o(i.HAL_I2C_MspInit)
    HAL_IncTick                              0x0800152d   Thumb Code    16  stm32f1xx_hal.o(i.HAL_IncTick)
    HAL_Init                                 0x08001545   Thumb Code    34  stm32f1xx_hal.o(i.HAL_Init)
    HAL_InitTick                             0x0800156d   Thumb Code    64  stm32f1xx_hal.o(i.HAL_InitTick)
    HAL_MspInit                              0x080015b9   Thumb Code    76  stm32f1xx_hal_msp.o(i.HAL_MspInit)
    HAL_NVIC_EnableIRQ                       0x0800160d   Thumb Code    32  stm32f1xx_hal_cortex.o(i.HAL_NVIC_EnableIRQ)
    HAL_NVIC_SetPriority                     0x0800162d   Thumb Code   124  stm32f1xx_hal_cortex.o(i.HAL_NVIC_SetPriority)
    HAL_NVIC_SetPriorityGrouping             0x080016a9   Thumb Code    32  stm32f1xx_hal_cortex.o(i.HAL_NVIC_SetPriorityGrouping)
    HAL_RCCEx_PeriphCLKConfig                0x080016d1   Thumb Code   290  stm32f1xx_hal_rcc_ex.o(i.HAL_RCCEx_PeriphCLKConfig)
    HAL_RCC_ClockConfig                      0x08001801   Thumb Code   376  stm32f1xx_hal_rcc.o(i.HAL_RCC_ClockConfig)
    HAL_RCC_GetHCLKFreq                      0x0800198d   Thumb Code     6  stm32f1xx_hal_rcc.o(i.HAL_RCC_GetHCLKFreq)
    HAL_RCC_GetPCLK1Freq                     0x08001999   Thumb Code    22  stm32f1xx_hal_rcc.o(i.HAL_RCC_GetPCLK1Freq)
    HAL_RCC_GetPCLK2Freq                     0x080019b9   Thumb Code    22  stm32f1xx_hal_rcc.o(i.HAL_RCC_GetPCLK2Freq)
    HAL_RCC_GetSysClockFreq                  0x080019d9   Thumb Code    92  stm32f1xx_hal_rcc.o(i.HAL_RCC_GetSysClockFreq)
    HAL_RCC_OscConfig                        0x08001a49   Thumb Code  1114  stm32f1xx_hal_rcc.o(i.HAL_RCC_OscConfig)
    HAL_SPI_Init                             0x08001ead   Thumb Code   190  stm32f1xx_hal_spi.o(i.HAL_SPI_Init)
    HAL_SPI_MspInit                          0x08001f6d   Thumb Code   120  spi.o(i.HAL_SPI_MspInit)
    HAL_SPI_TransmitReceive                  0x08001ff1   Thumb Code   576  stm32f1xx_hal_spi.o(i.HAL_SPI_TransmitReceive)
    HAL_SYSTICK_Config                       0x08002231   Thumb Code    52  stm32f1xx_hal_cortex.o(i.HAL_SYSTICK_Config)
    HAL_TIMEx_ConfigBreakDeadTime            0x08002265   Thumb Code   116  stm32f1xx_hal_tim_ex.o(i.HAL_TIMEx_ConfigBreakDeadTime)
    HAL_TIMEx_MasterConfigSynchronization    0x080022d9   Thumb Code   118  stm32f1xx_hal_tim_ex.o(i.HAL_TIMEx_MasterConfigSynchronization)
    HAL_TIM_Base_Init                        0x0800235d   Thumb Code   102  stm32f1xx_hal_tim.o(i.HAL_TIM_Base_Init)
    HAL_TIM_Base_MspInit                     0x080023c5   Thumb Code   148  tim.o(i.HAL_TIM_Base_MspInit)
    HAL_TIM_ConfigClockSource                0x08002469   Thumb Code   268  stm32f1xx_hal_tim.o(i.HAL_TIM_ConfigClockSource)
    HAL_TIM_MspPostInit                      0x08002575   Thumb Code   260  tim.o(i.HAL_TIM_MspPostInit)
    HAL_TIM_PWM_ConfigChannel                0x08002695   Thumb Code   260  stm32f1xx_hal_tim.o(i.HAL_TIM_PWM_ConfigChannel)
    HAL_TIM_PWM_Init                         0x08002799   Thumb Code   102  stm32f1xx_hal_tim.o(i.HAL_TIM_PWM_Init)
    HAL_TIM_PWM_MspInit                      0x080027ff   Thumb Code     2  stm32f1xx_hal_tim.o(i.HAL_TIM_PWM_MspInit)
    HAL_UART_Init                            0x08002801   Thumb Code   118  stm32f1xx_hal_uart.o(i.HAL_UART_Init)
    HAL_UART_MspInit                         0x08002879   Thumb Code   120  usart.o(i.HAL_UART_MspInit)
    HAL_UART_Transmit                        0x080028fd   Thumb Code   178  stm32f1xx_hal_uart.o(i.HAL_UART_Transmit)
    HardFault_Handler                        0x080029af   Thumb Code     4  stm32f1xx_it.o(i.HardFault_Handler)
    Int_NRF24L01_Check                       0x080029b5   Thumb Code    66  int_si24r1.o(i.Int_NRF24L01_Check)
    Int_NRF24L01_RX_Mode                     0x08002a01   Thumb Code    84  int_si24r1.o(i.Int_NRF24L01_RX_Mode)
    Int_NRF24L01_Read_Buf                    0x08002a5d   Thumb Code    68  int_si24r1.o(i.Int_NRF24L01_Read_Buf)
    Int_NRF24L01_Read_Reg                    0x08002aa9   Thumb Code    66  int_si24r1.o(i.Int_NRF24L01_Read_Reg)
    Int_NRF24L01_RxPacket                    0x08002af5   Thumb Code    64  int_si24r1.o(i.Int_NRF24L01_RxPacket)
    Int_NRF24L01_Write_Buf                   0x08002b39   Thumb Code    68  int_si24r1.o(i.Int_NRF24L01_Write_Buf)
    Int_NRF24L01_Write_Reg                   0x08002b85   Thumb Code    64  int_si24r1.o(i.Int_NRF24L01_Write_Reg)
    MX_ADC1_Init                             0x08002bcd   Thumb Code    84  adc.o(i.MX_ADC1_Init)
    MX_DMA_Init                              0x08002c29   Thumb Code    48  dma.o(i.MX_DMA_Init)
    MX_GPIO_Init                             0x08002c5d   Thumb Code   222  gpio.o(i.MX_GPIO_Init)
    MX_I2C1_Init                             0x08002d49   Thumb Code    48  i2c.o(i.MX_I2C1_Init)
    MX_SPI1_Init                             0x08002d85   Thumb Code    60  spi.o(i.MX_SPI1_Init)
    MX_TIM1_Init                             0x08002dc9   Thumb Code   206  tim.o(i.MX_TIM1_Init)
    MX_TIM2_Init                             0x08002ea1   Thumb Code   156  tim.o(i.MX_TIM2_Init)
    MX_TIM3_Init                             0x08002f41   Thumb Code   154  tim.o(i.MX_TIM3_Init)
    MX_TIM4_Init                             0x08002fe5   Thumb Code   154  tim.o(i.MX_TIM4_Init)
    MX_USART2_UART_Init                      0x08003089   Thumb Code    46  usart.o(i.MX_USART2_UART_Init)
    MemManage_Handler                        0x080030c1   Thumb Code     4  stm32f1xx_it.o(i.MemManage_Handler)
    NMI_Handler                              0x080030c5   Thumb Code     4  stm32f1xx_it.o(i.NMI_Handler)
    PendSV_Handler                           0x080030c9   Thumb Code     2  stm32f1xx_it.o(i.PendSV_Handler)
    SVC_Handler                              0x080031f5   Thumb Code     2  stm32f1xx_it.o(i.SVC_Handler)
    SysTick_Handler                          0x080031f7   Thumb Code     8  stm32f1xx_it.o(i.SysTick_Handler)
    SystemClock_Config                       0x080031ff   Thumb Code   132  main.o(i.SystemClock_Config)
    SystemInit                               0x08003283   Thumb Code     2  system_stm32f1xx.o(i.SystemInit)
    TIM_Base_SetConfig                       0x08003285   Thumb Code   104  stm32f1xx_hal_tim.o(i.TIM_Base_SetConfig)
    TIM_ETR_SetConfig                        0x080032f9   Thumb Code    22  stm32f1xx_hal_tim.o(i.TIM_ETR_SetConfig)
    TIM_OC2_SetConfig                        0x08003381   Thumb Code   100  stm32f1xx_hal_tim.o(i.TIM_OC2_SetConfig)
    UsageFault_Handler                       0x08003677   Thumb Code     4  stm32f1xx_it.o(i.UsageFault_Handler)
    __0printf                                0x0800367d   Thumb Code    22  printfa.o(i.__0printf)
    __1printf                                0x0800367d   Thumb Code     0  printfa.o(i.__0printf)
    __2printf                                0x0800367d   Thumb Code     0  printfa.o(i.__0printf)
    __c89printf                              0x0800367d   Thumb Code     0  printfa.o(i.__0printf)
    printf                                   0x0800367d   Thumb Code     0  printfa.o(i.__0printf)
    __scatterload_copy                       0x080036d5   Thumb Code    14  handlers.o(i.__scatterload_copy)
    __scatterload_null                       0x080036e3   Thumb Code     2  handlers.o(i.__scatterload_null)
    __scatterload_zeroinit                   0x080036e5   Thumb Code    14  handlers.o(i.__scatterload_zeroinit)
    fputc                                    0x08003f81   Thumb Code    22  usart.o(i.fputc)
    main                                     0x08003f9d   Thumb Code    72  main.o(i.main)
    AHBPrescTable                            0x08004002   Data          16  system_stm32f1xx.o(.constdata)
    APBPrescTable                            0x08004012   Data           8  system_stm32f1xx.o(.constdata)
    Region$$Table$$Base                      0x0800401c   Number         0  anon$$obj.o(Region$$Table)
    Region$$Table$$Limit                     0x0800403c   Number         0  anon$$obj.o(Region$$Table)
    uwTick                                   0x20000000   Data           4  stm32f1xx_hal.o(.data)
    uwTickPrio                               0x20000004   Data           4  stm32f1xx_hal.o(.data)
    uwTickFreq                               0x20000008   Data           1  stm32f1xx_hal.o(.data)
    SystemCoreClock                          0x2000000c   Data           4  system_stm32f1xx.o(.data)
    remote                                   0x20000010   Data           8  app_si24r1.o(.data)
    connect_count                            0x20000018   Data           2  app_si24r1.o(.data)
    unlock_flag                              0x2000001a   Data           1  app_si24r1.o(.data)
    TX_ADDRESS                               0x20000022   Data           5  int_si24r1.o(.data)
    RX_ADDRESS                               0x20000027   Data           5  int_si24r1.o(.data)
    connect_flag                             0x2000002c   Data           2  int_si24r1.o(.data)
    __stdout                                 0x20000030   Data           4  stdout.o(.data)
    hadc1                                    0x20000034   Data          48  adc.o(.bss)
    hdma_adc1                                0x20000064   Data          68  adc.o(.bss)
    hi2c1                                    0x200000a8   Data          84  i2c.o(.bss)
    hspi1                                    0x200000fc   Data          88  spi.o(.bss)
    htim1                                    0x20000154   Data          72  tim.o(.bss)
    htim2                                    0x2000019c   Data          72  tim.o(.bss)
    htim3                                    0x200001e4   Data          72  tim.o(.bss)
    htim4                                    0x2000022c   Data          72  tim.o(.bss)
    huart2                                   0x20000274   Data          72  usart.o(.bss)
    rx_buff                                  0x200002bc   Data          28  app_si24r1.o(.bss)
    __initial_sp                             0x200006d8   Data           0  startup_stm32f103xb.o(STACK)



==============================================================================

Memory Map of the image

  Image Entry point : 0x080000ed

  Load Region LR_IROM1 (Base: 0x08000000, Size: 0x00004070, Max: 0x00010000, ABSOLUTE)

    Execution Region ER_IROM1 (Exec base: 0x08000000, Load base: 0x08000000, Size: 0x0000403c, Max: 0x00010000, ABSOLUTE)

    Exec Addr    Load Addr    Size         Type   Attr      Idx    E Section Name        Object

    0x08000000   0x08000000   0x000000ec   Data   RO            3    RESET               startup_stm32f103xb.o
    0x080000ec   0x080000ec   0x00000000   Code   RO         5657  * .ARM.Collect$$$$00000000  mc_w.l(entry.o)
    0x080000ec   0x080000ec   0x00000004   Code   RO         6012    .ARM.Collect$$$$00000001  mc_w.l(entry2.o)
    0x080000f0   0x080000f0   0x00000004   Code   RO         6015    .ARM.Collect$$$$00000004  mc_w.l(entry5.o)
    0x080000f4   0x080000f4   0x00000000   Code   RO         6017    .ARM.Collect$$$$00000008  mc_w.l(entry7b.o)
    0x080000f4   0x080000f4   0x00000000   Code   RO         6019    .ARM.Collect$$$$0000000A  mc_w.l(entry8b.o)
    0x080000f4   0x080000f4   0x00000008   Code   RO         6020    .ARM.Collect$$$$0000000B  mc_w.l(entry9a.o)
    0x080000fc   0x080000fc   0x00000004   Code   RO         6027    .ARM.Collect$$$$0000000E  mc_w.l(entry12b.o)
    0x08000100   0x08000100   0x00000000   Code   RO         6022    .ARM.Collect$$$$0000000F  mc_w.l(entry10a.o)
    0x08000100   0x08000100   0x00000000   Code   RO         6024    .ARM.Collect$$$$00000011  mc_w.l(entry11a.o)
    0x08000100   0x08000100   0x00000004   Code   RO         6013    .ARM.Collect$$$$00002712  mc_w.l(entry2.o)
    0x08000104   0x08000104   0x00000024   Code   RO            4    .text               startup_stm32f103xb.o
    0x08000128   0x08000128   0x00000020   Code   RO         5660    .text               mc_w.l(llushr.o)
    0x08000148   0x08000148   0x00000024   Code   RO         5664    .text               mc_w.l(memseta.o)
    0x0800016c   0x0800016c   0x0000014e   Code   RO         5935    .text               mf_w.l(dadd.o)
    0x080002ba   0x080002ba   0x000000e4   Code   RO         5937    .text               mf_w.l(dmul.o)
    0x0800039e   0x0800039e   0x000000de   Code   RO         5939    .text               mf_w.l(ddiv.o)
    0x0800047c   0x0800047c   0x0000002c   Code   RO         6029    .text               mc_w.l(uidiv.o)
    0x080004a8   0x080004a8   0x00000062   Code   RO         6031    .text               mc_w.l(uldiv.o)
    0x0800050a   0x0800050a   0x0000001e   Code   RO         6033    .text               mc_w.l(llshl.o)
    0x08000528   0x08000528   0x00000024   Code   RO         6035    .text               mc_w.l(llsshr.o)
    0x0800054c   0x0800054c   0x00000000   Code   RO         6044    .text               mc_w.l(iusefp.o)
    0x0800054c   0x0800054c   0x000000ba   Code   RO         6047    .text               mf_w.l(depilogue.o)
    0x08000606   0x08000606   0x00000030   Code   RO         6051    .text               mf_w.l(dfixul.o)
    0x08000636   0x08000636   0x00000002   PAD
    0x08000638   0x08000638   0x00000030   Code   RO         6055    .text               mf_w.l(cdrcmple.o)
    0x08000668   0x08000668   0x00000024   Code   RO         6057    .text               mc_w.l(init.o)
    0x0800068c   0x0800068c   0x0000005c   Code   RO          627    i.ADC_ConversionStop_Disable  stm32f1xx_hal_adc.o
    0x080006e8   0x080006e8   0x000000b8   Code   RO         5503    i.App_Si24R1_RC_Analysis  app_si24r1.o
    0x080007a0   0x080007a0   0x0000019c   Code   RO         5504    i.App_Si24R1_RC_Unlock  app_si24r1.o
    0x0800093c   0x0800093c   0x00000018   Code   RO         5505    i.App_Si24R1_Receive  app_si24r1.o
    0x08000954   0x08000954   0x000000c0   Code   RO         5506    i.App_Si24R1_Remote_Check  app_si24r1.o
    0x08000a14   0x08000a14   0x00000004   Code   RO          485    i.BusFault_Handler  stm32f1xx_it.o
    0x08000a18   0x08000a18   0x00000010   Code   RO          486    i.DMA1_Channel1_IRQHandler  stm32f1xx_it.o
    0x08000a28   0x08000a28   0x00000002   Code   RO          487    i.DebugMon_Handler  stm32f1xx_it.o
    0x08000a2a   0x08000a2a   0x00000006   Code   RO           13    i.Error_Handler     main.o
    0x08000a30   0x08000a30   0x00000160   Code   RO          633    i.HAL_ADC_ConfigChannel  stm32f1xx_hal_adc.o
    0x08000b90   0x08000b90   0x00000144   Code   RO          642    i.HAL_ADC_Init      stm32f1xx_hal_adc.o
    0x08000cd4   0x08000cd4   0x000000b0   Code   RO          222    i.HAL_ADC_MspInit   adc.o
    0x08000d84   0x08000d84   0x0000019c   Code   RO         1294    i.HAL_DMA_IRQHandler  stm32f1xx_hal_dma.o
    0x08000f20   0x08000f20   0x00000068   Code   RO         1295    i.HAL_DMA_Init      stm32f1xx_hal_dma.o
    0x08000f88   0x08000f88   0x00000028   Code   RO          910    i.HAL_Delay         stm32f1xx_hal.o
    0x08000fb0   0x08000fb0   0x00000320   Code   RO         1225    i.HAL_GPIO_Init     stm32f1xx_hal_gpio.o
    0x080012d0   0x080012d0   0x0000000c   Code   RO         1229    i.HAL_GPIO_WritePin  stm32f1xx_hal_gpio.o
    0x080012dc   0x080012dc   0x0000000c   Code   RO          914    i.HAL_GetTick       stm32f1xx_hal.o
    0x080012e8   0x080012e8   0x000001d0   Code   RO         1922    i.HAL_I2C_Init      stm32f1xx_hal_i2c.o
    0x080014b8   0x080014b8   0x00000074   Code   RO          288    i.HAL_I2C_MspInit   i2c.o
    0x0800152c   0x0800152c   0x00000018   Code   RO          920    i.HAL_IncTick       stm32f1xx_hal.o
    0x08001544   0x08001544   0x00000028   Code   RO          921    i.HAL_Init          stm32f1xx_hal.o
    0x0800156c   0x0800156c   0x0000004c   Code   RO          922    i.HAL_InitTick      stm32f1xx_hal.o
    0x080015b8   0x080015b8   0x00000054   Code   RO          567    i.HAL_MspInit       stm32f1xx_hal_msp.o
    0x0800160c   0x0800160c   0x00000020   Code   RO         1385    i.HAL_NVIC_EnableIRQ  stm32f1xx_hal_cortex.o
    0x0800162c   0x0800162c   0x0000007c   Code   RO         1391    i.HAL_NVIC_SetPriority  stm32f1xx_hal_cortex.o
    0x080016a8   0x080016a8   0x00000028   Code   RO         1392    i.HAL_NVIC_SetPriorityGrouping  stm32f1xx_hal_cortex.o
    0x080016d0   0x080016d0   0x00000130   Code   RO         1187    i.HAL_RCCEx_PeriphCLKConfig  stm32f1xx_hal_rcc_ex.o
    0x08001800   0x08001800   0x0000018c   Code   RO         1078    i.HAL_RCC_ClockConfig  stm32f1xx_hal_rcc.o
    0x0800198c   0x0800198c   0x0000000c   Code   RO         1083    i.HAL_RCC_GetHCLKFreq  stm32f1xx_hal_rcc.o
    0x08001998   0x08001998   0x00000020   Code   RO         1085    i.HAL_RCC_GetPCLK1Freq  stm32f1xx_hal_rcc.o
    0x080019b8   0x080019b8   0x00000020   Code   RO         1086    i.HAL_RCC_GetPCLK2Freq  stm32f1xx_hal_rcc.o
    0x080019d8   0x080019d8   0x00000070   Code   RO         1087    i.HAL_RCC_GetSysClockFreq  stm32f1xx_hal_rcc.o
    0x08001a48   0x08001a48   0x00000464   Code   RO         1090    i.HAL_RCC_OscConfig  stm32f1xx_hal_rcc.o
    0x08001eac   0x08001eac   0x000000be   Code   RO         2399    i.HAL_SPI_Init      stm32f1xx_hal_spi.o
    0x08001f6a   0x08001f6a   0x00000002   PAD
    0x08001f6c   0x08001f6c   0x00000084   Code   RO          330    i.HAL_SPI_MspInit   spi.o
    0x08001ff0   0x08001ff0   0x00000240   Code   RO         2408    i.HAL_SPI_TransmitReceive  stm32f1xx_hal_spi.o
    0x08002230   0x08002230   0x00000034   Code   RO         1396    i.HAL_SYSTICK_Config  stm32f1xx_hal_cortex.o
    0x08002264   0x08002264   0x00000074   Code   RO         3430    i.HAL_TIMEx_ConfigBreakDeadTime  stm32f1xx_hal_tim_ex.o
    0x080022d8   0x080022d8   0x00000084   Code   RO         3446    i.HAL_TIMEx_MasterConfigSynchronization  stm32f1xx_hal_tim_ex.o
    0x0800235c   0x0800235c   0x00000066   Code   RO         2712    i.HAL_TIM_Base_Init  stm32f1xx_hal_tim.o
    0x080023c2   0x080023c2   0x00000002   PAD
    0x080023c4   0x080023c4   0x000000a4   Code   RO          372    i.HAL_TIM_Base_MspInit  tim.o
    0x08002468   0x08002468   0x0000010c   Code   RO         2721    i.HAL_TIM_ConfigClockSource  stm32f1xx_hal_tim.o
    0x08002574   0x08002574   0x00000120   Code   RO          373    i.HAL_TIM_MspPostInit  tim.o
    0x08002694   0x08002694   0x00000104   Code   RO         2784    i.HAL_TIM_PWM_ConfigChannel  stm32f1xx_hal_tim.o
    0x08002798   0x08002798   0x00000066   Code   RO         2787    i.HAL_TIM_PWM_Init  stm32f1xx_hal_tim.o
    0x080027fe   0x080027fe   0x00000002   Code   RO         2789    i.HAL_TIM_PWM_MspInit  stm32f1xx_hal_tim.o
    0x08002800   0x08002800   0x00000076   Code   RO         3724    i.HAL_UART_Init     stm32f1xx_hal_uart.o
    0x08002876   0x08002876   0x00000002   PAD
    0x08002878   0x08002878   0x00000084   Code   RO          438    i.HAL_UART_MspInit  usart.o
    0x080028fc   0x080028fc   0x000000b2   Code   RO         3732    i.HAL_UART_Transmit  stm32f1xx_hal_uart.o
    0x080029ae   0x080029ae   0x00000004   Code   RO          488    i.HardFault_Handler  stm32f1xx_it.o
    0x080029b2   0x080029b2   0x00000002   PAD
    0x080029b4   0x080029b4   0x0000004c   Code   RO         5556    i.Int_NRF24L01_Check  int_si24r1.o
    0x08002a00   0x08002a00   0x0000005c   Code   RO         5557    i.Int_NRF24L01_RX_Mode  int_si24r1.o
    0x08002a5c   0x08002a5c   0x0000004c   Code   RO         5558    i.Int_NRF24L01_Read_Buf  int_si24r1.o
    0x08002aa8   0x08002aa8   0x0000004c   Code   RO         5559    i.Int_NRF24L01_Read_Reg  int_si24r1.o
    0x08002af4   0x08002af4   0x00000044   Code   RO         5560    i.Int_NRF24L01_RxPacket  int_si24r1.o
    0x08002b38   0x08002b38   0x0000004c   Code   RO         5563    i.Int_NRF24L01_Write_Buf  int_si24r1.o
    0x08002b84   0x08002b84   0x00000048   Code   RO         5564    i.Int_NRF24L01_Write_Reg  int_si24r1.o
    0x08002bcc   0x08002bcc   0x0000005c   Code   RO          223    i.MX_ADC1_Init      adc.o
    0x08002c28   0x08002c28   0x00000034   Code   RO          263    i.MX_DMA_Init       dma.o
    0x08002c5c   0x08002c5c   0x000000ec   Code   RO          197    i.MX_GPIO_Init      gpio.o
    0x08002d48   0x08002d48   0x0000003c   Code   RO          289    i.MX_I2C1_Init      i2c.o
    0x08002d84   0x08002d84   0x00000044   Code   RO          331    i.MX_SPI1_Init      spi.o
    0x08002dc8   0x08002dc8   0x000000d8   Code   RO          374    i.MX_TIM1_Init      tim.o
    0x08002ea0   0x08002ea0   0x000000a0   Code   RO          375    i.MX_TIM2_Init      tim.o
    0x08002f40   0x08002f40   0x000000a4   Code   RO          376    i.MX_TIM3_Init      tim.o
    0x08002fe4   0x08002fe4   0x000000a4   Code   RO          377    i.MX_TIM4_Init      tim.o
    0x08003088   0x08003088   0x00000038   Code   RO          439    i.MX_USART2_UART_Init  usart.o
    0x080030c0   0x080030c0   0x00000004   Code   RO          489    i.MemManage_Handler  stm32f1xx_it.o
    0x080030c4   0x080030c4   0x00000004   Code   RO          490    i.NMI_Handler       stm32f1xx_it.o
    0x080030c8   0x080030c8   0x00000002   Code   RO          491    i.PendSV_Handler    stm32f1xx_it.o
    0x080030ca   0x080030ca   0x00000002   PAD
    0x080030cc   0x080030cc   0x00000028   Code   RO         1091    i.RCC_Delay         stm32f1xx_hal_rcc.o
    0x080030f4   0x080030f4   0x00000028   Code   RO         2437    i.SPI_EndRxTxTransaction  stm32f1xx_hal_spi.o
    0x0800311c   0x0800311c   0x000000d8   Code   RO         2442    i.SPI_WaitFlagStateUntilTimeout  stm32f1xx_hal_spi.o
    0x080031f4   0x080031f4   0x00000002   Code   RO          492    i.SVC_Handler       stm32f1xx_it.o
    0x080031f6   0x080031f6   0x00000008   Code   RO          493    i.SysTick_Handler   stm32f1xx_it.o
    0x080031fe   0x080031fe   0x00000084   Code   RO           14    i.SystemClock_Config  main.o
    0x08003282   0x08003282   0x00000002   Code   RO         4068    i.SystemInit        system_stm32f1xx.o
    0x08003284   0x08003284   0x00000074   Code   RO         2805    i.TIM_Base_SetConfig  stm32f1xx_hal_tim.o
    0x080032f8   0x080032f8   0x00000016   Code   RO         2816    i.TIM_ETR_SetConfig  stm32f1xx_hal_tim.o
    0x0800330e   0x0800330e   0x00000012   Code   RO         2817    i.TIM_ITRx_SetConfig  stm32f1xx_hal_tim.o
    0x08003320   0x08003320   0x00000060   Code   RO         2818    i.TIM_OC1_SetConfig  stm32f1xx_hal_tim.o
    0x08003380   0x08003380   0x00000068   Code   RO         2819    i.TIM_OC2_SetConfig  stm32f1xx_hal_tim.o
    0x080033e8   0x080033e8   0x00000068   Code   RO         2820    i.TIM_OC3_SetConfig  stm32f1xx_hal_tim.o
    0x08003450   0x08003450   0x00000048   Code   RO         2821    i.TIM_OC4_SetConfig  stm32f1xx_hal_tim.o
    0x08003498   0x08003498   0x00000026   Code   RO         2823    i.TIM_TI1_ConfigInputStage  stm32f1xx_hal_tim.o
    0x080034be   0x080034be   0x00000028   Code   RO         2825    i.TIM_TI2_ConfigInputStage  stm32f1xx_hal_tim.o
    0x080034e6   0x080034e6   0x00000002   PAD
    0x080034e8   0x080034e8   0x000000fc   Code   RO         3751    i.UART_SetConfig    stm32f1xx_hal_uart.o
    0x080035e4   0x080035e4   0x00000092   Code   RO         3755    i.UART_WaitOnFlagUntilTimeout  stm32f1xx_hal_uart.o
    0x08003676   0x08003676   0x00000004   Code   RO          494    i.UsageFault_Handler  stm32f1xx_it.o
    0x0800367a   0x0800367a   0x00000002   PAD
    0x0800367c   0x0800367c   0x00000020   Code   RO         5901    i.__0printf         mc_w.l(printfa.o)
    0x0800369c   0x0800369c   0x00000010   Code   RO         1398    i.__NVIC_GetPriorityGrouping  stm32f1xx_hal_cortex.o
    0x080036ac   0x080036ac   0x00000028   Code   RO         1399    i.__NVIC_SetPriority  stm32f1xx_hal_cortex.o
    0x080036d4   0x080036d4   0x0000000e   Code   RO         6065    i.__scatterload_copy  mc_w.l(handlers.o)
    0x080036e2   0x080036e2   0x00000002   Code   RO         6066    i.__scatterload_null  mc_w.l(handlers.o)
    0x080036e4   0x080036e4   0x0000000e   Code   RO         6067    i.__scatterload_zeroinit  mc_w.l(handlers.o)
    0x080036f2   0x080036f2   0x00000002   PAD
    0x080036f4   0x080036f4   0x00000184   Code   RO         5908    i._fp_digits        mc_w.l(printfa.o)
    0x08003878   0x08003878   0x000006b4   Code   RO         5909    i._printf_core      mc_w.l(printfa.o)
    0x08003f2c   0x08003f2c   0x00000024   Code   RO         5910    i._printf_post_padding  mc_w.l(printfa.o)
    0x08003f50   0x08003f50   0x0000002e   Code   RO         5911    i._printf_pre_padding  mc_w.l(printfa.o)
    0x08003f7e   0x08003f7e   0x00000002   PAD
    0x08003f80   0x08003f80   0x0000001c   Code   RO          440    i.fputc             usart.o
    0x08003f9c   0x08003f9c   0x00000054   Code   RO           15    i.main              main.o
    0x08003ff0   0x08003ff0   0x00000012   Data   RO         1092    .constdata          stm32f1xx_hal_rcc.o
    0x08004002   0x08004002   0x00000018   Data   RO         4069    .constdata          system_stm32f1xx.o
    0x0800401a   0x0800401a   0x00000002   PAD
    0x0800401c   0x0800401c   0x00000020   Data   RO         6063    Region$$Table       anon$$obj.o


    Execution Region RW_IRAM1 (Exec base: 0x20000000, Load base: 0x0800403c, Size: 0x000006d8, Max: 0x00005000, ABSOLUTE)

    Exec Addr    Load Addr    Size         Type   Attr      Idx    E Section Name        Object

    0x20000000   0x0800403c   0x00000009   Data   RW          928    .data               stm32f1xx_hal.o
    0x20000009   0x08004045   0x00000003   PAD
    0x2000000c   0x08004048   0x00000004   Data   RW         4070    .data               system_stm32f1xx.o
    0x20000010   0x0800404c   0x00000012   Data   RW         5508    .data               app_si24r1.o
    0x20000022   0x0800405e   0x0000000c   Data   RW         5565    .data               int_si24r1.o
    0x2000002e   0x0800406a   0x00000002   PAD
    0x20000030   0x0800406c   0x00000004   Data   RW         6028    .data               mc_w.l(stdout.o)
    0x20000034        -       0x00000074   Zero   RW          224    .bss                adc.o
    0x200000a8        -       0x00000054   Zero   RW          290    .bss                i2c.o
    0x200000fc        -       0x00000058   Zero   RW          332    .bss                spi.o
    0x20000154        -       0x00000120   Zero   RW          378    .bss                tim.o
    0x20000274        -       0x00000048   Zero   RW          441    .bss                usart.o
    0x200002bc        -       0x0000001c   Zero   RW         5507    .bss                app_si24r1.o
    0x200002d8        -       0x00000400   Zero   RW            1    STACK               startup_stm32f103xb.o


==============================================================================

Image component sizes


      Code (inc. data)   RO Data    RW Data    ZI Data      Debug   Object Name

       268         30          0          0        116       1699   adc.o
       812        210          0         18         28       3766   app_si24r1.o
        52          4          0          0          0        722   dma.o
       236         14          0          0          0        959   gpio.o
       176         24          0          0         84       1561   i2c.o
       536         56          0         12          0       4975   int_si24r1.o
       222         12          0          0          0     457752   main.o
       200         20          0          0         88       1589   spi.o
        36          8        236          0       1024        792   startup_stm32f103xb.o
       192         36          0          9          0       5809   stm32f1xx_hal.o
       768         24          0          0          0       3076   stm32f1xx_hal_adc.o
       304         22          0          0          0      29351   stm32f1xx_hal_cortex.o
       516          8          0          0          0       1904   stm32f1xx_hal_dma.o
       812         34          0          0          0       2640   stm32f1xx_hal_gpio.o
       464         18          0          0          0       2107   stm32f1xx_hal_i2c.o
        84          8          0          0          0        874   stm32f1xx_hal_msp.o
      1748         98         18          0          0       5880   stm32f1xx_hal_rcc.o
       304         14          0          0          0       1380   stm32f1xx_hal_rcc_ex.o
      1022          6          0          0          0       4421   stm32f1xx_hal_spi.o
      1344         32          0          0          0      10250   stm32f1xx_hal_tim.o
       248         14          0          0          0       2092   stm32f1xx_hal_tim_ex.o
       694          4          0          0          0       3716   stm32f1xx_hal_uart.o
        50          6          0          0          0       4297   stm32f1xx_it.o
         2          0         24          4          0       1083   system_stm32f1xx.o
      1156         78          0          0        288       4743   tim.o
       216         28          0          0         72       2186   usart.o

    ----------------------------------------------------------------------
     12476        808        312         48       1700     559624   Object Totals
         0          0         32          0          0          0   (incl. Generated)
        14          0          2          5          0          0   (incl. Padding)

    ----------------------------------------------------------------------

      Code (inc. data)   RO Data    RW Data    ZI Data      Debug   Library Member Name

         0          0          0          0          0          0   entry.o
         0          0          0          0          0          0   entry10a.o
         0          0          0          0          0          0   entry11a.o
         4          0          0          0          0          0   entry12b.o
         8          4          0          0          0          0   entry2.o
         4          0          0          0          0          0   entry5.o
         0          0          0          0          0          0   entry7b.o
         0          0          0          0          0          0   entry8b.o
         8          4          0          0          0          0   entry9a.o
        30          0          0          0          0          0   handlers.o
        36          8          0          0          0         68   init.o
         0          0          0          0          0          0   iusefp.o
        30          0          0          0          0         68   llshl.o
        36          0          0          0          0         68   llsshr.o
        32          0          0          0          0         68   llushr.o
        36          0          0          0          0        108   memseta.o
      2218         90          0          0          0        464   printfa.o
         0          0          0          4          0          0   stdout.o
        44          0          0          0          0         80   uidiv.o
        98          0          0          0          0         92   uldiv.o
        48          0          0          0          0         68   cdrcmple.o
       334          0          0          0          0        148   dadd.o
       222          0          0          0          0        100   ddiv.o
       186          0          0          0          0        176   depilogue.o
        48          0          0          0          0         68   dfixul.o
       228          0          0          0          0         96   dmul.o

    ----------------------------------------------------------------------
      3656        106          0          4          0       1672   Library Totals
         6          0          0          0          0          0   (incl. Padding)

    ----------------------------------------------------------------------

      Code (inc. data)   RO Data    RW Data    ZI Data      Debug   Library Name

      2584        106          0          4          0       1016   mc_w.l
      1066          0          0          0          0        656   mf_w.l

    ----------------------------------------------------------------------
      3656        106          0          4          0       1672   Library Totals

    ----------------------------------------------------------------------

==============================================================================


      Code (inc. data)   RO Data    RW Data    ZI Data      Debug   

     16132        914        312         52       1700     555936   Grand Totals
     16132        914        312         52       1700     555936   ELF Image Totals
     16132        914        312         52          0          0   ROM Totals

==============================================================================

    Total RO  Size (Code + RO Data)                16444 (  16.06kB)
    Total RW  Size (RW Data + ZI Data)              1752 (   1.71kB)
    Total ROM Size (Code + RO Data + RW Data)      16496 (  16.11kB)

==============================================================================

