<html>
<body>
<pre>
<h1>礦ision Build Log</h1>
<h2>Tool Versions:</h2>
IDE-Version: μVision V5.38.0.0
Copyright (C) 2022 ARM Ltd and ARM Germany GmbH. All rights reserved.
License Information: wang xxx, xxx, LIC=76F5U-S4EQH-56QQ2-9J9RM-5MI3A-PF9D1
 
Tool Versions:
Toolchain:       MDK-ARM Plus  Version: 5.38.0.0
Toolchain Path:  C:\Keil_v5\ARM\02_arm5_compiler\Bin
C Compiler:      Armcc.exe V5.06 update 7 (build 960)
Assembler:       Armasm.exe V5.06 update 7 (build 960)
Linker/Locator:  ArmLink.exe V5.06 update 7 (build 960)
Library Manager: ArmAr.exe V5.06 update 7 (build 960)
Hex Converter:   FromElf.exe V5.06 update 7 (build 960)
CPU DLL:         SARMCM3.DLL V5.38.0.0
Dialog DLL:      DCM.DLL V1.17.5.0
Target DLL:      STLink\ST-LINKIII-KEIL_SWO.dll V3.1.0.0
Dialog DLL:      TCM.DLL V1.56.4.0
 
<h2>Project:</h2>
c:\1stm32\pro-stm32-6-uav_hal\pro-uav_hal\MDK-ARM\pro-uav_hal.uvprojx
Project File Date:  04/04/2024

<h2>Output:</h2>
*** Using Compiler 'V5.06 update 7 (build 960)', folder: 'C:\Keil_v5\ARM\02_arm5_compiler\Bin'
Build target 'pro-uav_hal'
assembling startup_stm32f103xb.s...
compiling dma.c...
compiling adc.c...
compiling main.c...
compiling tim.c...
compiling usart.c...
compiling gpio.c...
compiling i2c.c...
compiling stm32f1xx_hal_msp.c...
compiling stm32f1xx_hal.c...
compiling stm32f1xx_hal_adc_ex.c...
compiling stm32f1xx_hal_adc.c...
compiling stm32f1xx_hal_rcc.c...
compiling stm32f1xx_hal_gpio_ex.c...
compiling stm32f1xx_it.c...
compiling stm32f1xx_hal_dma.c...
compiling stm32f1xx_hal_pwr.c...
compiling stm32f1xx_hal_rcc_ex.c...
compiling stm32f1xx_hal_flash_ex.c...
compiling stm32f1xx_hal_flash.c...
compiling stm32f1xx_hal_cortex.c...
compiling stm32f1xx_hal_gpio.c...
compiling heap_4.c...
compiling port.c...
compiling croutine.c...
compiling event_groups.c...
compiling list.c...
compiling stm32f1xx_hal_tim_ex.c...
compiling stm32f1xx_hal_uart.c...
compiling queue.c...
compiling system_stm32f1xx.c...
compiling stream_buffer.c...
compiling timers.c...
compiling stm32f1xx_hal_tim.c...
compiling tasks.c...
compiling Com_Filter.c...
compiling stm32f1xx_hal_i2c.c...
compiling stm32f1xx_hal_exti.c...
compiling Com_Kalman.c...
compiling Int_Mpu6050.c...
..\Angle-MPU_6050\Int\Int_Mpu6050.h(74): warning:  #1295-D: Deprecated declaration Int_MPU6050_Init - give arg types
  void Int_MPU6050_Init();
..\Angle-MPU_6050\Int\Int_Mpu6050.c(23): warning:  #940-D: missing return statement at end of non-void function "Int_MPU6050_WriteByte" 
  }
..\Angle-MPU_6050\Int\Int_Mpu6050.c(61): warning:  #940-D: missing return statement at end of non-void function "Int_MPU6050_Read_Len" 
  }
..\Angle-MPU_6050\Int\Int_Mpu6050.c(214): warning:  #940-D: missing return statement at end of non-void function "Int_MPU6050_GetAccl" 
  }
..\Angle-MPU_6050\Int\Int_Mpu6050.c(239): warning:  #940-D: missing return statement at end of non-void function "Int_MPU6050_GetGyro" 
  }
..\Angle-MPU_6050\Int\Int_Mpu6050.c: 5 warnings, 0 errors
compiling App_Mpu6050_Quaternion.c...
../Angle-MPU_6050/Int/Int_Mpu6050.h(74): warning:  #1295-D: Deprecated declaration Int_MPU6050_Init - give arg types
  void Int_MPU6050_Init();
..\Angle-MPU_6050\App\App_Mpu6050_Quaternion.c(33): warning:  #223-D: function "printf" declared implicitly
              printf("误差：%d\t\t%d\t\t%d\r\n", errorGyro[0], errorGyro[1], errorGyro[2]);
..\Angle-MPU_6050\App\App_Mpu6050_Quaternion.c(65): warning:  #223-D: function "printf" declared implicitly
      printf("校准中，，请等待...\r\n");
..\Angle-MPU_6050\App\App_Mpu6050_Quaternion.c(106): warning:  #223-D: function "printf" declared implicitly
      printf("校准并滤波后的值为：\r\n");
..\Angle-MPU_6050\App\App_Mpu6050_Quaternion.c: 4 warnings, 0 errors
compiling Com_IMU.c...
compiling Int_PWM.c...
compiling App_Battery.c...
compiling App_PWM.c...
compiling App_Mpu6050.c...
../Angle-MPU_6050/Int/Int_Mpu6050.h(74): warning:  #1295-D: Deprecated declaration Int_MPU6050_Init - give arg types
  void Int_MPU6050_Init();
..\Angle-MPU_6050\App\App_Mpu6050.c: 1 warning, 0 errors
compiling Int_Battery.c...
compiling App_PilotLED.c...
compiling Int_PilotLED.c...
linking...
Program Size: Code=22940 RO-data=396 RW-data=132 ZI-data=1636  
FromELF: creating hex file...
"pro-uav_hal\pro-uav_hal.axf" - 0 Error(s), 10 Warning(s).

<h2>Software Packages used:</h2>

Package Vendor: ARM
                http://www.keil.com/pack/ARM.CMSIS.5.9.0.pack
                ARM.CMSIS.5.9.0
                CMSIS (Common Microcontroller Software Interface Standard)
   * Component: CORE Version: 5.6.0

Package Vendor: Keil
                https://www.keil.com/pack/Keil.STM32F1xx_DFP.2.4.1.pack
                Keil.STM32F1xx_DFP.2.4.1
                STMicroelectronics STM32F1 Series Device Support, Drivers and Examples

<h2>Collection of Component include folders:</h2>
  ./RTE/_pro-uav_hal
  C:/Users/admin/AppData/Local/Arm/Packs/ARM/CMSIS/5.9.0/CMSIS/Core/Include
  C:/Users/admin/AppData/Local/Arm/Packs/Keil/STM32F1xx_DFP/2.4.1/Device/Include

<h2>Collection of Component Files used:</h2>

   * Component: ARM::CMSIS:CORE:5.6.0
      Include file:  CMSIS/Core/Include/tz_context.h
Build Time Elapsed:  00:00:42
</pre>
</body>
</html>
